
========================================================================
started_at=2026-03-02 15:12:51
finished_at=2026-03-02 15:13:05
returncode=0
cmd=/Library/Developer/CommandLineTools/usr/bin/python3 run_pipeline.py --config /Users/openclaw-mini/Desktop/OpenClaw/config.json --account 幸运

[stderr]
[kuaishou] profile_dir: /Users/openclaw-mini/Desktop/OpenClaw/.state/kuaishou_profiles/5112102085
[kuaishou] download_dir: /Users/openclaw-mini/Desktop/OpenClaw/exports/幸运
Detected login page (url=https://passport.kuaishou.com/pc/account/login?redirectURL=https%3A%2F%2Fkt.kuaishou.com%2Fstudent-management%2Foffsite-student-management&sid=kuaishou.kt.platform&callback=https%3A%2F%2Fkt.kuaishou.com%2Frest%2Finfra%2Fsts%3FfollowUrl%3Dhttps%253A%252F%252Fkt.kuaishou.com%252Fstudent-management%252Foffsite-student-management). Please complete login in the opened browser window...
profile_dir=/Users/openclaw-mini/Desktop/OpenClaw/.state/kuaishou_profiles/5112102085
Traceback (most recent call last):
  File "/Users/openclaw-mini/Desktop/OpenClaw/export_kuaishou.py", line 205, in <module>
    main()
  File "/Users/openclaw-mini/Desktop/OpenClaw/export_kuaishou.py", line 192, in main
    path = export_once(
  File "/Users/openclaw-mini/Desktop/OpenClaw/export_kuaishou.py", line 69, in export_once
    page.wait_for_url(
  File "/Users/openclaw-mini/Library/Python/3.9/lib/python/site-packages/playwright/sync_api/_generated.py", line 9149, in wait_for_url
    self._sync(
  File "/Users/openclaw-mini/Library/Python/3.9/lib/python/site-packages/playwright/_impl/_sync_base.py", line 115, in _sync
    return task.result()
  File "/Users/openclaw-mini/Library/Python/3.9/lib/python/site-packages/playwright/_impl/_page.py", line 575, in wait_for_url
    return await self._main_frame.wait_for_url(**locals_to_params(locals()))
  File "/Users/openclaw-mini/Library/Python/3.9/lib/python/site-packages/playwright/_impl/_frame.py", line 236, in wait_for_url
    pass
  File "/Users/openclaw-mini/Library/Python/3.9/lib/python/site-packages/playwright/_impl/_event_context_manager.py", line 33, in __aexit__
    await self._future
  File "/Users/openclaw-mini/Library/Python/3.9/lib/python/site-packages/playwright/_impl/_frame.py", line 207, in continuation
    event = await waiter.result()
playwright._impl._errors.Error: Target page, context or browser has been closed
=========================== logs ===========================
waiting for navigation to "re.compile('https://kt\\.kuaishou\\.com/student-management/offsite-student-management')" until 'load'
============================================================
[pipeline] account='幸运' failed: Command '['/Library/Developer/CommandLineTools/usr/bin/python3', 'export_kuaishou.py', '--download-dir', 'exports/幸运', '--anchor-map-csv', '主播映射表.csv', '--account', '幸运']' returned non-zero exit status 1.

========================================================================
started_at=2026-03-02 15:15:58
finished_at=2026-03-02 15:16:11
returncode=0
cmd=/Library/Developer/CommandLineTools/usr/bin/python3 run_pipeline.py --config /Users/openclaw-mini/Desktop/OpenClaw/config.json --account 幸运

[stderr]
[kuaishou] profile_dir: /Users/openclaw-mini/Desktop/OpenClaw/.state/kuaishou_profiles/5112102085
[kuaishou] download_dir: /Users/openclaw-mini/Desktop/OpenClaw/exports/幸运
Detected login page (url=https://passport.kuaishou.com/pc/account/login?redirectURL=https%3A%2F%2Fkt.kuaishou.com%2Fstudent-management%2Foffsite-student-management&sid=kuaishou.kt.platform&callback=https%3A%2F%2Fkt.kuaishou.com%2Frest%2Finfra%2Fsts%3FfollowUrl%3Dhttps%253A%252F%252Fkt.kuaishou.com%252Fstudent-management%252Foffsite-student-management). Please complete login in the opened browser window...
profile_dir=/Users/openclaw-mini/Desktop/OpenClaw/.state/kuaishou_profiles/5112102085
[kuaishou] export saved: /Users/openclaw-mini/Desktop/OpenClaw/exports/幸运/20260302_151608_站外履约课学员表单.xls
/Users/openclaw-mini/Library/Python/3.9/lib/python/site-packages/urllib3/__init__.py:35: NotOpenSSLWarning: urllib3 v2 only supports OpenSSL 1.1.1+, currently the 'ssl' module is compiled with 'LibreSSL 2.8.3'. See: https://github.com/urllib3/urllib3/issues/3020
  warnings.warn(
2026-03-02 15:16:09,461 [INFO] log_file=logs/sync_20260302_151609.log
2026-03-02 15:16:10,493 [INFO] Updated config sheet_id=2b9db4 spreadsheet_token=V0REsvNHshM6aetzYQCcLMEHnOd
2026-03-02 15:16:11,014 [INFO] existing_dedup_keys=2992
2026-03-02 15:16:11,018 [INFO] input_rows=16 normalized_rows=16 to_append=16
2026-03-02 15:16:11,601 [INFO] append_response={'code': 0, 'data': {'revision': 3, 'spreadsheetToken': 'V0REsvNHshM6aetzYQCcLMEHnOd', 'tableRange': '2b9db4!A2995:P3010', 'updates': {'revision': 3, 'spreadsheetToken': 'V0REsvNHshM6aetzYQCcLMEHnOd', 'updatedCells': 256, 'updatedColumns': 16, 'updatedRange': '2b9db4!A2995:P3010', 'updatedRows': 16}}, 'msg': 'success'}

========================================================================
started_at=2026-03-02 15:44:28
finished_at=2026-03-02 15:44:35
returncode=0
cmd=/Library/Developer/CommandLineTools/usr/bin/python3 run_pipeline.py --config /Users/openclaw-mini/Desktop/OpenClaw/config.json --account 幸运

[stderr]
[kuaishou] profile_dir: /Users/openclaw-mini/Desktop/OpenClaw/.state/kuaishou_profiles/5112102085
[kuaishou] download_dir: /Users/openclaw-mini/Desktop/OpenClaw/exports/幸运
[kuaishou] export saved: /Users/openclaw-mini/Desktop/OpenClaw/exports/幸运/20260302_154432_站外履约课学员表单.xls
/Users/openclaw-mini/Library/Python/3.9/lib/python/site-packages/urllib3/__init__.py:35: NotOpenSSLWarning: urllib3 v2 only supports OpenSSL 1.1.1+, currently the 'ssl' module is compiled with 'LibreSSL 2.8.3'. See: https://github.com/urllib3/urllib3/issues/3020
  warnings.warn(
2026-03-02 15:44:33,061 [INFO] log_file=logs/sync_20260302_154433.log
2026-03-02 15:44:34,189 [INFO] Updated config sheet_id=2b9db4 spreadsheet_token=V0REsvNHshM6aetzYQCcLMEHnOd
2026-03-02 15:44:34,698 [INFO] existing_dedup_keys=2992
2026-03-02 15:44:34,703 [INFO] input_rows=16 normalized_rows=16 to_append=16
2026-03-02 15:44:35,275 [INFO] append_response={'code': 0, 'data': {'revision': 9, 'spreadsheetToken': 'V0REsvNHshM6aetzYQCcLMEHnOd', 'tableRange': '2b9db4!A2995:P3010', 'updates': {'revision': 9, 'spreadsheetToken': 'V0REsvNHshM6aetzYQCcLMEHnOd', 'updatedCells': 256, 'updatedColumns': 16, 'updatedRange': '2b9db4!A2995:P3010', 'updatedRows': 16}}, 'msg': 'success'}

========================================================================
started_at=2026-03-02 15:50:35
finished_at=2026-03-02 15:50:41
returncode=0
cmd=/Library/Developer/CommandLineTools/usr/bin/python3 run_pipeline.py --config /Users/openclaw-mini/Desktop/OpenClaw/config.json --account 幸运

[stderr]
[kuaishou] profile_dir: /Users/openclaw-mini/Desktop/OpenClaw/.state/kuaishou_profiles/5112102085
[kuaishou] download_dir: /Users/openclaw-mini/Desktop/OpenClaw/exports/幸运
[kuaishou] export saved: /Users/openclaw-mini/Desktop/OpenClaw/exports/幸运/20260302_155039_站外履约课学员表单.xls
/Users/openclaw-mini/Library/Python/3.9/lib/python/site-packages/urllib3/__init__.py:35: NotOpenSSLWarning: urllib3 v2 only supports OpenSSL 1.1.1+, currently the 'ssl' module is compiled with 'LibreSSL 2.8.3'. See: https://github.com/urllib3/urllib3/issues/3020
  warnings.warn(
2026-03-02 15:50:39,405 [INFO] log_file=logs/sync_20260302_155039.log
2026-03-02 15:50:40,411 [INFO] Updated config sheet_id=2b9db4 spreadsheet_token=V0REsvNHshM6aetzYQCcLMEHnOd
2026-03-02 15:50:40,443 [INFO] live_id=(empty)
2026-03-02 15:50:40,940 [INFO] existing_dedup_keys=2992
2026-03-02 15:50:40,944 [INFO] input_rows=16 normalized_rows=16 to_append=16
2026-03-02 15:50:41,546 [INFO] append_response={'code': 0, 'data': {'revision': 11, 'spreadsheetToken': 'V0REsvNHshM6aetzYQCcLMEHnOd', 'tableRange': '2b9db4!A2995:P3010', 'updates': {'revision': 11, 'spreadsheetToken': 'V0REsvNHshM6aetzYQCcLMEHnOd', 'updatedCells': 256, 'updatedColumns': 16, 'updatedRange': '2b9db4!A2995:P3010', 'updatedRows': 16}}, 'msg': 'success'}

========================================================================
started_at=2026-03-02 15:51:12
finished_at=2026-03-02 15:51:20
returncode=0
cmd=/Library/Developer/CommandLineTools/usr/bin/python3 run_pipeline.py --config /Users/openclaw-mini/Desktop/OpenClaw/config.json --account 幸运

[stderr]
[kuaishou] profile_dir: /Users/openclaw-mini/Desktop/OpenClaw/.state/kuaishou_profiles/5112102085
[kuaishou] download_dir: /Users/openclaw-mini/Desktop/OpenClaw/exports/幸运
[kuaishou] export saved: /Users/openclaw-mini/Desktop/OpenClaw/exports/幸运/20260302_155115_站外履约课学员表单.xls
/Users/openclaw-mini/Library/Python/3.9/lib/python/site-packages/urllib3/__init__.py:35: NotOpenSSLWarning: urllib3 v2 only supports OpenSSL 1.1.1+, currently the 'ssl' module is compiled with 'LibreSSL 2.8.3'. See: https://github.com/urllib3/urllib3/issues/3020
  warnings.warn(
2026-03-02 15:51:16,143 [INFO] log_file=logs/sync_20260302_155116.log
2026-03-02 15:51:17,691 [INFO] Updated config sheet_id=2b9db4 spreadsheet_token=V0REsvNHshM6aetzYQCcLMEHnOd
2026-03-02 15:51:17,713 [INFO] live_id=(empty)
2026-03-02 15:51:19,576 [INFO] existing_dedup_keys=2992
2026-03-02 15:51:19,580 [INFO] input_rows=16 normalized_rows=16 to_append=16
2026-03-02 15:51:20,693 [INFO] append_response={'code': 0, 'data': {'revision': 13, 'spreadsheetToken': 'V0REsvNHshM6aetzYQCcLMEHnOd', 'tableRange': '2b9db4!A2995:P3010', 'updates': {'revision': 13, 'spreadsheetToken': 'V0REsvNHshM6aetzYQCcLMEHnOd', 'updatedCells': 256, 'updatedColumns': 16, 'updatedRange': '2b9db4!A2995:P3010', 'updatedRows': 16}}, 'msg': 'success'}

========================================================================
started_at=2026-03-02 15:56:30
finished_at=2026-03-02 15:56:38
returncode=0
cmd=/Library/Developer/CommandLineTools/usr/bin/python3 run_pipeline.py --config /Users/openclaw-mini/Desktop/OpenClaw/config.json --account 幸运

[stderr]
[kuaishou] profile_dir: /Users/openclaw-mini/Desktop/OpenClaw/.state/kuaishou_profiles/5112102085
[kuaishou] download_dir: /Users/openclaw-mini/Desktop/OpenClaw/exports/幸运
[kuaishou] export saved: /Users/openclaw-mini/Desktop/OpenClaw/exports/幸运/20260302_155634_站外履约课学员表单.xls
/Users/openclaw-mini/Library/Python/3.9/lib/python/site-packages/urllib3/__init__.py:35: NotOpenSSLWarning: urllib3 v2 only supports OpenSSL 1.1.1+, currently the 'ssl' module is compiled with 'LibreSSL 2.8.3'. See: https://github.com/urllib3/urllib3/issues/3020
  warnings.warn(
2026-03-02 15:56:35,375 [INFO] log_file=logs/sync_20260302_155635.log
2026-03-02 15:56:36,701 [INFO] Updated config sheet_id=2b9db4 spreadsheet_token=V0REsvNHshM6aetzYQCcLMEHnOd
2026-03-02 15:56:36,736 [INFO] live_id=(empty)
2026-03-02 15:56:37,506 [INFO] existing_dedup_keys=2992
2026-03-02 15:56:37,509 [INFO] input_rows=16 normalized_rows=16 to_append=16
2026-03-02 15:56:38,096 [INFO] append_response={'code': 0, 'data': {'revision': 15, 'spreadsheetToken': 'V0REsvNHshM6aetzYQCcLMEHnOd', 'tableRange': '2b9db4!A2995:P3010', 'updates': {'revision': 15, 'spreadsheetToken': 'V0REsvNHshM6aetzYQCcLMEHnOd', 'updatedCells': 256, 'updatedColumns': 16, 'updatedRange': '2b9db4!A2995:P3010', 'updatedRows': 16}}, 'msg': 'success'}

========================================================================
started_at=2026-03-02 16:00:03
finished_at=2026-03-02 16:00:09
returncode=0
cmd=/Library/Developer/CommandLineTools/usr/bin/python3 run_pipeline.py --config /Users/openclaw-mini/Desktop/OpenClaw/config.json --account 幸运

[stderr]
[kuaishou] profile_dir: /Users/openclaw-mini/Desktop/OpenClaw/.state/kuaishou_profiles/5112102085
[kuaishou] download_dir: /Users/openclaw-mini/Desktop/OpenClaw/exports/幸运
[kuaishou] export saved: /Users/openclaw-mini/Desktop/OpenClaw/exports/幸运/20260302_160007_站外履约课学员表单.xls
/Users/openclaw-mini/Library/Python/3.9/lib/python/site-packages/urllib3/__init__.py:35: NotOpenSSLWarning: urllib3 v2 only supports OpenSSL 1.1.1+, currently the 'ssl' module is compiled with 'LibreSSL 2.8.3'. See: https://github.com/urllib3/urllib3/issues/3020
  warnings.warn(
2026-03-02 16:00:07,700 [INFO] log_file=logs/sync_20260302_160007.log
2026-03-02 16:00:08,781 [INFO] Updated config sheet_id=2b9db4 spreadsheet_token=V0REsvNHshM6aetzYQCcLMEHnOd
2026-03-02 16:00:08,814 [INFO] live_id=(empty)
2026-03-02 16:00:09,278 [INFO] existing_dedup_keys=3008
2026-03-02 16:00:09,282 [INFO] input_rows=16 normalized_rows=16 to_append=0
2026-03-02 16:00:09,283 [INFO] Nothing to append.

========================================================================
started_at=2026-03-02 16:01:36
finished_at=2026-03-02 16:01:45
returncode=0
cmd=/Library/Developer/CommandLineTools/usr/bin/python3 run_pipeline.py --config /Users/openclaw-mini/Desktop/OpenClaw/config.json --account 幸运

[stderr]
[kuaishou] profile_dir: /Users/openclaw-mini/Desktop/OpenClaw/.state/kuaishou_profiles/5112102085
[kuaishou] download_dir: /Users/openclaw-mini/Desktop/OpenClaw/exports/幸运
[kuaishou] export saved: /Users/openclaw-mini/Desktop/OpenClaw/exports/幸运/20260302_160141_站外履约课学员表单.xls
/Users/openclaw-mini/Library/Python/3.9/lib/python/site-packages/urllib3/__init__.py:35: NotOpenSSLWarning: urllib3 v2 only supports OpenSSL 1.1.1+, currently the 'ssl' module is compiled with 'LibreSSL 2.8.3'. See: https://github.com/urllib3/urllib3/issues/3020
  warnings.warn(
2026-03-02 16:01:42,043 [INFO] log_file=logs/sync_20260302_160142.log
2026-03-02 16:01:43,792 [INFO] Updated config sheet_id=2b9db4 spreadsheet_token=V0REsvNHshM6aetzYQCcLMEHnOd
2026-03-02 16:01:43,816 [INFO] live_id=(empty)
2026-03-02 16:01:44,289 [INFO] existing_dedup_keys=2992
2026-03-02 16:01:44,291 [INFO] input_rows=16 normalized_rows=16 to_append=16
2026-03-02 16:01:44,932 [INFO] append_response={'code': 0, 'data': {'revision': 17, 'spreadsheetToken': 'V0REsvNHshM6aetzYQCcLMEHnOd', 'tableRange': '2b9db4!A2995:P3010', 'updates': {'revision': 17, 'spreadsheetToken': 'V0REsvNHshM6aetzYQCcLMEHnOd', 'updatedCells': 256, 'updatedColumns': 16, 'updatedRange': '2b9db4!A2995:P3010', 'updatedRows': 16}}, 'msg': 'success'}

========================================================================
started_at=2026-03-02 16:02:23
finished_at=2026-03-02 16:02:30
returncode=0
cmd=/Library/Developer/CommandLineTools/usr/bin/python3 run_pipeline.py --config /Users/openclaw-mini/Desktop/OpenClaw/config.json --account 幸运

[stderr]
[kuaishou] profile_dir: /Users/openclaw-mini/Desktop/OpenClaw/.state/kuaishou_profiles/5112102085
[kuaishou] download_dir: /Users/openclaw-mini/Desktop/OpenClaw/exports/幸运
[kuaishou] export saved: /Users/openclaw-mini/Desktop/OpenClaw/exports/幸运/20260302_160227_站外履约课学员表单.xls
/Users/openclaw-mini/Library/Python/3.9/lib/python/site-packages/urllib3/__init__.py:35: NotOpenSSLWarning: urllib3 v2 only supports OpenSSL 1.1.1+, currently the 'ssl' module is compiled with 'LibreSSL 2.8.3'. See: https://github.com/urllib3/urllib3/issues/3020
  warnings.warn(
2026-03-02 16:02:27,816 [INFO] log_file=logs/sync_20260302_160227.log
2026-03-02 16:02:29,259 [INFO] Updated config sheet_id=2b9db4 spreadsheet_token=V0REsvNHshM6aetzYQCcLMEHnOd
2026-03-02 16:02:29,285 [INFO] live_id=(empty)
2026-03-02 16:02:29,793 [INFO] existing_dedup_keys=2992
2026-03-02 16:02:29,796 [INFO] input_rows=16 normalized_rows=16 to_append=16
2026-03-02 16:02:30,728 [INFO] append_response={'code': 0, 'data': {'revision': 19, 'spreadsheetToken': 'V0REsvNHshM6aetzYQCcLMEHnOd', 'tableRange': '2b9db4!A2995:P3010', 'updates': {'revision': 19, 'spreadsheetToken': 'V0REsvNHshM6aetzYQCcLMEHnOd', 'updatedCells': 256, 'updatedColumns': 16, 'updatedRange': '2b9db4!A2995:P3010', 'updatedRows': 16}}, 'msg': 'success'}

========================================================================
started_at=2026-03-02 16:02:52
finished_at=2026-03-02 16:02:58
returncode=0
cmd=/Library/Developer/CommandLineTools/usr/bin/python3 run_pipeline.py --config /Users/openclaw-mini/Desktop/OpenClaw/config.json --account 幸运

[stderr]
[kuaishou] profile_dir: /Users/openclaw-mini/Desktop/OpenClaw/.state/kuaishou_profiles/5112102085
[kuaishou] download_dir: /Users/openclaw-mini/Desktop/OpenClaw/exports/幸运
[kuaishou] export saved: /Users/openclaw-mini/Desktop/OpenClaw/exports/幸运/20260302_160256_站外履约课学员表单.xls
/Users/openclaw-mini/Library/Python/3.9/lib/python/site-packages/urllib3/__init__.py:35: NotOpenSSLWarning: urllib3 v2 only supports OpenSSL 1.1.1+, currently the 'ssl' module is compiled with 'LibreSSL 2.8.3'. See: https://github.com/urllib3/urllib3/issues/3020
  warnings.warn(
2026-03-02 16:02:56,473 [INFO] log_file=logs/sync_20260302_160256.log
2026-03-02 16:02:57,569 [INFO] Updated config sheet_id=2b9db4 spreadsheet_token=V0REsvNHshM6aetzYQCcLMEHnOd
2026-03-02 16:02:57,604 [INFO] live_id=(empty)
2026-03-02 16:02:58,103 [INFO] existing_dedup_keys=3008
2026-03-02 16:02:58,106 [INFO] input_rows=16 normalized_rows=16 to_append=0
2026-03-02 16:02:58,106 [INFO] Nothing to append.

========================================================================
started_at=2026-03-02 16:08:29
finished_at=2026-03-02 16:08:36
returncode=0
cmd=/Library/Developer/CommandLineTools/usr/bin/python3 run_pipeline.py --config /Users/openclaw-mini/Desktop/OpenClaw/config.json --account 幸运

[stderr]
[kuaishou] profile_dir: /Users/openclaw-mini/Desktop/OpenClaw/.state/kuaishou_profiles/5112102085
[kuaishou] download_dir: /Users/openclaw-mini/Desktop/OpenClaw/exports/幸运
[kuaishou] export saved: /Users/openclaw-mini/Desktop/OpenClaw/exports/幸运/20260302_160834_站外履约课学员表单.xls
/Users/openclaw-mini/Library/Python/3.9/lib/python/site-packages/urllib3/__init__.py:35: NotOpenSSLWarning: urllib3 v2 only supports OpenSSL 1.1.1+, currently the 'ssl' module is compiled with 'LibreSSL 2.8.3'. See: https://github.com/urllib3/urllib3/issues/3020
  warnings.warn(
2026-03-02 16:08:34,723 [INFO] log_file=logs/sync_20260302_160834.log
2026-03-02 16:08:35,738 [INFO] Updated config sheet_id=2b9db4 spreadsheet_token=V0REsvNHshM6aetzYQCcLMEHnOd
2026-03-02 16:08:35,773 [INFO] live_id=(empty)
2026-03-02 16:08:36,272 [INFO] existing_dedup_keys=2992
2026-03-02 16:08:36,275 [INFO] input_rows=16 normalized_rows=16 to_append=16
2026-03-02 16:08:36,854 [INFO] append_response={'code': 0, 'data': {'revision': 21, 'spreadsheetToken': 'V0REsvNHshM6aetzYQCcLMEHnOd', 'tableRange': '2b9db4!A2995:P3010', 'updates': {'revision': 21, 'spreadsheetToken': 'V0REsvNHshM6aetzYQCcLMEHnOd', 'updatedCells': 256, 'updatedColumns': 16, 'updatedRange': '2b9db4!A2995:P3010', 'updatedRows': 16}}, 'msg': 'success'}

========================================================================
started_at=2026-03-02 16:09:06
finished_at=2026-03-02 16:09:15
returncode=0
cmd=/Library/Developer/CommandLineTools/usr/bin/python3 run_pipeline.py --config /Users/openclaw-mini/Desktop/OpenClaw/config.json --account 幸运

[stderr]
[kuaishou] profile_dir: /Users/openclaw-mini/Desktop/OpenClaw/.state/kuaishou_profiles/5112102085
[kuaishou] download_dir: /Users/openclaw-mini/Desktop/OpenClaw/exports/幸运
[kuaishou] export saved: /Users/openclaw-mini/Desktop/OpenClaw/exports/幸运/20260302_160912_站外履约课学员表单.xls
/Users/openclaw-mini/Library/Python/3.9/lib/python/site-packages/urllib3/__init__.py:35: NotOpenSSLWarning: urllib3 v2 only supports OpenSSL 1.1.1+, currently the 'ssl' module is compiled with 'LibreSSL 2.8.3'. See: https://github.com/urllib3/urllib3/issues/3020
  warnings.warn(
2026-03-02 16:09:12,955 [INFO] log_file=logs/sync_20260302_160912.log
2026-03-02 16:09:14,009 [INFO] Updated config sheet_id=2b9db4 spreadsheet_token=V0REsvNHshM6aetzYQCcLMEHnOd
2026-03-02 16:09:14,041 [INFO] live_id=(empty)
2026-03-02 16:09:14,537 [INFO] existing_dedup_keys=2992
2026-03-02 16:09:14,540 [INFO] input_rows=16 normalized_rows=16 to_append=16
2026-03-02 16:09:15,056 [INFO] append_response={'code': 0, 'data': {'revision': 23, 'spreadsheetToken': 'V0REsvNHshM6aetzYQCcLMEHnOd', 'tableRange': '2b9db4!A2995:P3010', 'updates': {'revision': 23, 'spreadsheetToken': 'V0REsvNHshM6aetzYQCcLMEHnOd', 'updatedCells': 256, 'updatedColumns': 16, 'updatedRange': '2b9db4!A2995:P3010', 'updatedRows': 16}}, 'msg': 'success'}

========================================================================
started_at=2026-03-02 16:45:51
finished_at=2026-03-02 16:45:57
returncode=0
cmd=/Library/Developer/CommandLineTools/usr/bin/python3 run_pipeline.py --config /Users/openclaw-mini/Desktop/OpenClaw/config.json --account 幸运

[stderr]
[kuaishou] profile_dir: /Users/openclaw-mini/Desktop/OpenClaw/.state/kuaishou_profiles/5112102085
[kuaishou] download_dir: /Users/openclaw-mini/Desktop/OpenClaw/exports/幸运
[kuaishou] export saved: /Users/openclaw-mini/Desktop/OpenClaw/exports/幸运/20260302_164554_站外履约课学员表单.xls
/Users/openclaw-mini/Library/Python/3.9/lib/python/site-packages/urllib3/__init__.py:35: NotOpenSSLWarning: urllib3 v2 only supports OpenSSL 1.1.1+, currently the 'ssl' module is compiled with 'LibreSSL 2.8.3'. See: https://github.com/urllib3/urllib3/issues/3020
  warnings.warn(
2026-03-02 16:45:55,028 [INFO] log_file=logs/sync_20260302_164555.log
2026-03-02 16:45:56,015 [INFO] Updated config sheet_id=2b9db4 spreadsheet_token=V0REsvNHshM6aetzYQCcLMEHnOd
2026-03-02 16:45:56,040 [INFO] live_id=(empty)
2026-03-02 16:45:56,617 [INFO] existing_dedup_keys=3002
2026-03-02 16:45:56,622 [INFO] input_rows=25 normalized_rows=25 to_append=25
2026-03-02 16:45:57,335 [INFO] append_response={'code': 0, 'data': {'revision': 26, 'spreadsheetToken': 'V0REsvNHshM6aetzYQCcLMEHnOd', 'tableRange': '2b9db4!A3005:P3029', 'updates': {'revision': 26, 'spreadsheetToken': 'V0REsvNHshM6aetzYQCcLMEHnOd', 'updatedCells': 400, 'updatedColumns': 16, 'updatedRange': '2b9db4!A3005:P3029', 'updatedRows': 25}}, 'msg': 'success'}

========================================================================
started_at=2026-03-02 16:46:51
finished_at=2026-03-02 16:46:58
returncode=0
cmd=/Library/Developer/CommandLineTools/usr/bin/python3 run_pipeline.py --config /Users/openclaw-mini/Desktop/OpenClaw/config.json --account 幸运

[stderr]
[kuaishou] profile_dir: /Users/openclaw-mini/Desktop/OpenClaw/.state/kuaishou_profiles/5112102085
[kuaishou] download_dir: /Users/openclaw-mini/Desktop/OpenClaw/exports/幸运
[kuaishou] export saved: /Users/openclaw-mini/Desktop/OpenClaw/exports/幸运/20260302_164656_站外履约课学员表单.xls
/Users/openclaw-mini/Library/Python/3.9/lib/python/site-packages/urllib3/__init__.py:35: NotOpenSSLWarning: urllib3 v2 only supports OpenSSL 1.1.1+, currently the 'ssl' module is compiled with 'LibreSSL 2.8.3'. See: https://github.com/urllib3/urllib3/issues/3020
  warnings.warn(
2026-03-02 16:46:56,475 [INFO] log_file=logs/sync_20260302_164656.log
2026-03-02 16:46:57,655 [INFO] Updated config sheet_id=2b9db4 spreadsheet_token=V0REsvNHshM6aetzYQCcLMEHnOd
2026-03-02 16:46:57,683 [INFO] live_id=(empty)
2026-03-02 16:46:58,153 [INFO] existing_dedup_keys=3027
2026-03-02 16:46:58,157 [INFO] input_rows=25 normalized_rows=25 to_append=0
2026-03-02 16:46:58,158 [INFO] Nothing to append.

========================================================================
started_at=2026-03-02 16:47:51
finished_at=2026-03-02 16:47:58
returncode=0
cmd=/Library/Developer/CommandLineTools/usr/bin/python3 run_pipeline.py --config /Users/openclaw-mini/Desktop/OpenClaw/config.json --account 幸运

[stderr]
[kuaishou] profile_dir: /Users/openclaw-mini/Desktop/OpenClaw/.state/kuaishou_profiles/5112102085
[kuaishou] download_dir: /Users/openclaw-mini/Desktop/OpenClaw/exports/幸运
[kuaishou] export saved: /Users/openclaw-mini/Desktop/OpenClaw/exports/幸运/20260302_164755_站外履约课学员表单.xls
/Users/openclaw-mini/Library/Python/3.9/lib/python/site-packages/urllib3/__init__.py:35: NotOpenSSLWarning: urllib3 v2 only supports OpenSSL 1.1.1+, currently the 'ssl' module is compiled with 'LibreSSL 2.8.3'. See: https://github.com/urllib3/urllib3/issues/3020
  warnings.warn(
2026-03-02 16:47:56,169 [INFO] log_file=logs/sync_20260302_164756.log
2026-03-02 16:47:57,389 [INFO] Updated config sheet_id=2b9db4 spreadsheet_token=V0REsvNHshM6aetzYQCcLMEHnOd
2026-03-02 16:47:57,414 [INFO] live_id=(empty)
2026-03-02 16:47:57,918 [INFO] existing_dedup_keys=3027
2026-03-02 16:47:57,921 [INFO] input_rows=27 normalized_rows=27 to_append=2
2026-03-02 16:47:58,474 [INFO] append_response={'code': 0, 'data': {'revision': 27, 'spreadsheetToken': 'V0REsvNHshM6aetzYQCcLMEHnOd', 'tableRange': '2b9db4!A3030:P3031', 'updates': {'revision': 27, 'spreadsheetToken': 'V0REsvNHshM6aetzYQCcLMEHnOd', 'updatedCells': 32, 'updatedColumns': 16, 'updatedRange': '2b9db4!A3030:P3031', 'updatedRows': 2}}, 'msg': 'success'}

========================================================================
started_at=2026-03-02 16:48:51
finished_at=2026-03-02 16:48:57
returncode=0
cmd=/Library/Developer/CommandLineTools/usr/bin/python3 run_pipeline.py --config /Users/openclaw-mini/Desktop/OpenClaw/config.json --account 幸运

[stderr]
[kuaishou] profile_dir: /Users/openclaw-mini/Desktop/OpenClaw/.state/kuaishou_profiles/5112102085
[kuaishou] download_dir: /Users/openclaw-mini/Desktop/OpenClaw/exports/幸运
[kuaishou] export saved: /Users/openclaw-mini/Desktop/OpenClaw/exports/幸运/20260302_164855_站外履约课学员表单.xls
/Users/openclaw-mini/Library/Python/3.9/lib/python/site-packages/urllib3/__init__.py:35: NotOpenSSLWarning: urllib3 v2 only supports OpenSSL 1.1.1+, currently the 'ssl' module is compiled with 'LibreSSL 2.8.3'. See: https://github.com/urllib3/urllib3/issues/3020
  warnings.warn(
2026-03-02 16:48:56,004 [INFO] log_file=logs/sync_20260302_164856.log
2026-03-02 16:48:57,036 [INFO] Updated config sheet_id=2b9db4 spreadsheet_token=V0REsvNHshM6aetzYQCcLMEHnOd
2026-03-02 16:48:57,063 [INFO] live_id=(empty)
2026-03-02 16:48:57,697 [INFO] existing_dedup_keys=3029
2026-03-02 16:48:57,701 [INFO] input_rows=27 normalized_rows=27 to_append=0
2026-03-02 16:48:57,701 [INFO] Nothing to append.

========================================================================
started_at=2026-03-02 16:49:51
finished_at=2026-03-02 16:49:58
returncode=0
cmd=/Library/Developer/CommandLineTools/usr/bin/python3 run_pipeline.py --config /Users/openclaw-mini/Desktop/OpenClaw/config.json --account 幸运

[stderr]
[kuaishou] profile_dir: /Users/openclaw-mini/Desktop/OpenClaw/.state/kuaishou_profiles/5112102085
[kuaishou] download_dir: /Users/openclaw-mini/Desktop/OpenClaw/exports/幸运
[kuaishou] export saved: /Users/openclaw-mini/Desktop/OpenClaw/exports/幸运/20260302_164955_站外履约课学员表单.xls
/Users/openclaw-mini/Library/Python/3.9/lib/python/site-packages/urllib3/__init__.py:35: NotOpenSSLWarning: urllib3 v2 only supports OpenSSL 1.1.1+, currently the 'ssl' module is compiled with 'LibreSSL 2.8.3'. See: https://github.com/urllib3/urllib3/issues/3020
  warnings.warn(
2026-03-02 16:49:56,013 [INFO] log_file=logs/sync_20260302_164956.log
2026-03-02 16:49:57,464 [INFO] Updated config sheet_id=2b9db4 spreadsheet_token=V0REsvNHshM6aetzYQCcLMEHnOd
2026-03-02 16:49:57,489 [INFO] live_id=(empty)
2026-03-02 16:49:57,985 [INFO] existing_dedup_keys=3029
2026-03-02 16:49:57,991 [INFO] input_rows=27 normalized_rows=27 to_append=0
2026-03-02 16:49:57,991 [INFO] Nothing to append.

========================================================================
started_at=2026-03-02 16:50:51
finished_at=2026-03-02 16:51:00
returncode=0
cmd=/Library/Developer/CommandLineTools/usr/bin/python3 run_pipeline.py --config /Users/openclaw-mini/Desktop/OpenClaw/config.json --account 幸运

[stderr]
[kuaishou] profile_dir: /Users/openclaw-mini/Desktop/OpenClaw/.state/kuaishou_profiles/5112102085
[kuaishou] download_dir: /Users/openclaw-mini/Desktop/OpenClaw/exports/幸运
[kuaishou] export saved: /Users/openclaw-mini/Desktop/OpenClaw/exports/幸运/20260302_165058_站外履约课学员表单.xls
/Users/openclaw-mini/Library/Python/3.9/lib/python/site-packages/urllib3/__init__.py:35: NotOpenSSLWarning: urllib3 v2 only supports OpenSSL 1.1.1+, currently the 'ssl' module is compiled with 'LibreSSL 2.8.3'. See: https://github.com/urllib3/urllib3/issues/3020
  warnings.warn(
2026-03-02 16:50:58,728 [INFO] log_file=logs/sync_20260302_165058.log
2026-03-02 16:50:59,938 [INFO] Updated config sheet_id=2b9db4 spreadsheet_token=V0REsvNHshM6aetzYQCcLMEHnOd
2026-03-02 16:50:59,963 [INFO] live_id=(empty)
2026-03-02 16:51:00,484 [INFO] existing_dedup_keys=3029
2026-03-02 16:51:00,489 [INFO] input_rows=27 normalized_rows=27 to_append=0
2026-03-02 16:51:00,490 [INFO] Nothing to append.

========================================================================
started_at=2026-03-02 16:51:52
finished_at=2026-03-02 16:51:57
returncode=0
cmd=/Library/Developer/CommandLineTools/usr/bin/python3 run_pipeline.py --config /Users/openclaw-mini/Desktop/OpenClaw/config.json --account 幸运

[stderr]
[kuaishou] profile_dir: /Users/openclaw-mini/Desktop/OpenClaw/.state/kuaishou_profiles/5112102085
[kuaishou] download_dir: /Users/openclaw-mini/Desktop/OpenClaw/exports/幸运
[kuaishou] export saved: /Users/openclaw-mini/Desktop/OpenClaw/exports/幸运/20260302_165155_站外履约课学员表单.xls
/Users/openclaw-mini/Library/Python/3.9/lib/python/site-packages/urllib3/__init__.py:35: NotOpenSSLWarning: urllib3 v2 only supports OpenSSL 1.1.1+, currently the 'ssl' module is compiled with 'LibreSSL 2.8.3'. See: https://github.com/urllib3/urllib3/issues/3020
  warnings.warn(
2026-03-02 16:51:56,018 [INFO] log_file=logs/sync_20260302_165156.log
2026-03-02 16:51:57,026 [INFO] Updated config sheet_id=2b9db4 spreadsheet_token=V0REsvNHshM6aetzYQCcLMEHnOd
2026-03-02 16:51:57,050 [INFO] live_id=(empty)
2026-03-02 16:51:57,529 [INFO] existing_dedup_keys=3029
2026-03-02 16:51:57,534 [INFO] input_rows=27 normalized_rows=27 to_append=0
2026-03-02 16:51:57,534 [INFO] Nothing to append.

========================================================================
started_at=2026-03-02 16:52:52
finished_at=2026-03-02 16:52:58
returncode=0
cmd=/Library/Developer/CommandLineTools/usr/bin/python3 run_pipeline.py --config /Users/openclaw-mini/Desktop/OpenClaw/config.json --account 幸运

[stderr]
[kuaishou] profile_dir: /Users/openclaw-mini/Desktop/OpenClaw/.state/kuaishou_profiles/5112102085
[kuaishou] download_dir: /Users/openclaw-mini/Desktop/OpenClaw/exports/幸运
[kuaishou] export saved: /Users/openclaw-mini/Desktop/OpenClaw/exports/幸运/20260302_165255_站外履约课学员表单.xls
/Users/openclaw-mini/Library/Python/3.9/lib/python/site-packages/urllib3/__init__.py:35: NotOpenSSLWarning: urllib3 v2 only supports OpenSSL 1.1.1+, currently the 'ssl' module is compiled with 'LibreSSL 2.8.3'. See: https://github.com/urllib3/urllib3/issues/3020
  warnings.warn(
2026-03-02 16:52:56,049 [INFO] log_file=logs/sync_20260302_165256.log
2026-03-02 16:52:57,102 [INFO] Updated config sheet_id=2b9db4 spreadsheet_token=V0REsvNHshM6aetzYQCcLMEHnOd
2026-03-02 16:52:57,127 [INFO] live_id=(empty)
2026-03-02 16:52:57,604 [INFO] existing_dedup_keys=3029
2026-03-02 16:52:57,609 [INFO] input_rows=28 normalized_rows=28 to_append=1
2026-03-02 16:52:58,398 [INFO] append_response={'code': 0, 'data': {'revision': 28, 'spreadsheetToken': 'V0REsvNHshM6aetzYQCcLMEHnOd', 'tableRange': '2b9db4!A3032:P3032', 'updates': {'revision': 28, 'spreadsheetToken': 'V0REsvNHshM6aetzYQCcLMEHnOd', 'updatedCells': 16, 'updatedColumns': 16, 'updatedRange': '2b9db4!A3032:P3032', 'updatedRows': 1}}, 'msg': 'success'}

========================================================================
started_at=2026-03-02 16:53:52
finished_at=2026-03-02 16:53:57
returncode=0
cmd=/Library/Developer/CommandLineTools/usr/bin/python3 run_pipeline.py --config /Users/openclaw-mini/Desktop/OpenClaw/config.json --account 幸运

[stderr]
[kuaishou] profile_dir: /Users/openclaw-mini/Desktop/OpenClaw/.state/kuaishou_profiles/5112102085
[kuaishou] download_dir: /Users/openclaw-mini/Desktop/OpenClaw/exports/幸运
[kuaishou] export saved: /Users/openclaw-mini/Desktop/OpenClaw/exports/幸运/20260302_165355_站外履约课学员表单.xls
/Users/openclaw-mini/Library/Python/3.9/lib/python/site-packages/urllib3/__init__.py:35: NotOpenSSLWarning: urllib3 v2 only supports OpenSSL 1.1.1+, currently the 'ssl' module is compiled with 'LibreSSL 2.8.3'. See: https://github.com/urllib3/urllib3/issues/3020
  warnings.warn(
2026-03-02 16:53:56,135 [INFO] log_file=logs/sync_20260302_165356.log
2026-03-02 16:53:57,313 [INFO] Updated config sheet_id=2b9db4 spreadsheet_token=V0REsvNHshM6aetzYQCcLMEHnOd
2026-03-02 16:53:57,336 [INFO] live_id=(empty)
2026-03-02 16:53:57,740 [INFO] existing_dedup_keys=3030
2026-03-02 16:53:57,745 [INFO] input_rows=28 normalized_rows=28 to_append=0
2026-03-02 16:53:57,745 [INFO] Nothing to append.

========================================================================
started_at=2026-03-02 16:54:52
finished_at=2026-03-02 16:54:57
returncode=0
cmd=/Library/Developer/CommandLineTools/usr/bin/python3 run_pipeline.py --config /Users/openclaw-mini/Desktop/OpenClaw/config.json --account 幸运

[stderr]
[kuaishou] profile_dir: /Users/openclaw-mini/Desktop/OpenClaw/.state/kuaishou_profiles/5112102085
[kuaishou] download_dir: /Users/openclaw-mini/Desktop/OpenClaw/exports/幸运
[kuaishou] export saved: /Users/openclaw-mini/Desktop/OpenClaw/exports/幸运/20260302_165455_站外履约课学员表单.xls
/Users/openclaw-mini/Library/Python/3.9/lib/python/site-packages/urllib3/__init__.py:35: NotOpenSSLWarning: urllib3 v2 only supports OpenSSL 1.1.1+, currently the 'ssl' module is compiled with 'LibreSSL 2.8.3'. See: https://github.com/urllib3/urllib3/issues/3020
  warnings.warn(
2026-03-02 16:54:56,113 [INFO] log_file=logs/sync_20260302_165456.log
2026-03-02 16:54:57,178 [INFO] Updated config sheet_id=2b9db4 spreadsheet_token=V0REsvNHshM6aetzYQCcLMEHnOd
2026-03-02 16:54:57,202 [INFO] live_id=(empty)
2026-03-02 16:54:57,674 [INFO] existing_dedup_keys=3030
2026-03-02 16:54:57,678 [INFO] input_rows=28 normalized_rows=28 to_append=0
2026-03-02 16:54:57,678 [INFO] Nothing to append.

========================================================================
started_at=2026-03-02 16:55:52
finished_at=2026-03-02 16:55:57
returncode=0
cmd=/Library/Developer/CommandLineTools/usr/bin/python3 run_pipeline.py --config /Users/openclaw-mini/Desktop/OpenClaw/config.json --account 幸运

[stderr]
[kuaishou] profile_dir: /Users/openclaw-mini/Desktop/OpenClaw/.state/kuaishou_profiles/5112102085
[kuaishou] download_dir: /Users/openclaw-mini/Desktop/OpenClaw/exports/幸运
[kuaishou] export saved: /Users/openclaw-mini/Desktop/OpenClaw/exports/幸运/20260302_165555_站外履约课学员表单.xls
/Users/openclaw-mini/Library/Python/3.9/lib/python/site-packages/urllib3/__init__.py:35: NotOpenSSLWarning: urllib3 v2 only supports OpenSSL 1.1.1+, currently the 'ssl' module is compiled with 'LibreSSL 2.8.3'. See: https://github.com/urllib3/urllib3/issues/3020
  warnings.warn(
2026-03-02 16:55:55,601 [INFO] log_file=logs/sync_20260302_165555.log
2026-03-02 16:55:56,596 [INFO] Updated config sheet_id=2b9db4 spreadsheet_token=V0REsvNHshM6aetzYQCcLMEHnOd
2026-03-02 16:55:56,622 [INFO] live_id=(empty)
2026-03-02 16:55:57,154 [INFO] existing_dedup_keys=3030
2026-03-02 16:55:57,159 [INFO] input_rows=28 normalized_rows=28 to_append=0
2026-03-02 16:55:57,159 [INFO] Nothing to append.

========================================================================
started_at=2026-03-02 16:56:52
finished_at=2026-03-02 16:56:57
returncode=0
cmd=/Library/Developer/CommandLineTools/usr/bin/python3 run_pipeline.py --config /Users/openclaw-mini/Desktop/OpenClaw/config.json --account 幸运

[stderr]
[kuaishou] profile_dir: /Users/openclaw-mini/Desktop/OpenClaw/.state/kuaishou_profiles/5112102085
[kuaishou] download_dir: /Users/openclaw-mini/Desktop/OpenClaw/exports/幸运
[kuaishou] export saved: /Users/openclaw-mini/Desktop/OpenClaw/exports/幸运/20260302_165655_站外履约课学员表单.xls
/Users/openclaw-mini/Library/Python/3.9/lib/python/site-packages/urllib3/__init__.py:35: NotOpenSSLWarning: urllib3 v2 only supports OpenSSL 1.1.1+, currently the 'ssl' module is compiled with 'LibreSSL 2.8.3'. See: https://github.com/urllib3/urllib3/issues/3020
  warnings.warn(
2026-03-02 16:56:56,066 [INFO] log_file=logs/sync_20260302_165656.log
2026-03-02 16:56:57,202 [INFO] Updated config sheet_id=2b9db4 spreadsheet_token=V0REsvNHshM6aetzYQCcLMEHnOd
2026-03-02 16:56:57,228 [INFO] live_id=(empty)
2026-03-02 16:56:57,742 [INFO] existing_dedup_keys=3030
2026-03-02 16:56:57,746 [INFO] input_rows=28 normalized_rows=28 to_append=0
2026-03-02 16:56:57,747 [INFO] Nothing to append.

========================================================================
started_at=2026-03-02 16:57:52
finished_at=2026-03-02 16:57:57
returncode=0
cmd=/Library/Developer/CommandLineTools/usr/bin/python3 run_pipeline.py --config /Users/openclaw-mini/Desktop/OpenClaw/config.json --account 幸运

[stderr]
[kuaishou] profile_dir: /Users/openclaw-mini/Desktop/OpenClaw/.state/kuaishou_profiles/5112102085
[kuaishou] download_dir: /Users/openclaw-mini/Desktop/OpenClaw/exports/幸运
[kuaishou] export saved: /Users/openclaw-mini/Desktop/OpenClaw/exports/幸运/20260302_165755_站外履约课学员表单.xls
/Users/openclaw-mini/Library/Python/3.9/lib/python/site-packages/urllib3/__init__.py:35: NotOpenSSLWarning: urllib3 v2 only supports OpenSSL 1.1.1+, currently the 'ssl' module is compiled with 'LibreSSL 2.8.3'. See: https://github.com/urllib3/urllib3/issues/3020
  warnings.warn(
2026-03-02 16:57:56,252 [INFO] log_file=logs/sync_20260302_165756.log
2026-03-02 16:57:57,210 [INFO] Updated config sheet_id=2b9db4 spreadsheet_token=V0REsvNHshM6aetzYQCcLMEHnOd
2026-03-02 16:57:57,235 [INFO] live_id=(empty)
2026-03-02 16:57:57,735 [INFO] existing_dedup_keys=3030
2026-03-02 16:57:57,740 [INFO] input_rows=28 normalized_rows=28 to_append=0
2026-03-02 16:57:57,740 [INFO] Nothing to append.

========================================================================
started_at=2026-03-02 16:58:52
finished_at=2026-03-02 16:58:57
returncode=0
cmd=/Library/Developer/CommandLineTools/usr/bin/python3 run_pipeline.py --config /Users/openclaw-mini/Desktop/OpenClaw/config.json --account 幸运

[stderr]
[kuaishou] profile_dir: /Users/openclaw-mini/Desktop/OpenClaw/.state/kuaishou_profiles/5112102085
[kuaishou] download_dir: /Users/openclaw-mini/Desktop/OpenClaw/exports/幸运
[kuaishou] export saved: /Users/openclaw-mini/Desktop/OpenClaw/exports/幸运/20260302_165855_站外履约课学员表单.xls
/Users/openclaw-mini/Library/Python/3.9/lib/python/site-packages/urllib3/__init__.py:35: NotOpenSSLWarning: urllib3 v2 only supports OpenSSL 1.1.1+, currently the 'ssl' module is compiled with 'LibreSSL 2.8.3'. See: https://github.com/urllib3/urllib3/issues/3020
  warnings.warn(
2026-03-02 16:58:56,009 [INFO] log_file=logs/sync_20260302_165856.log
2026-03-02 16:58:57,079 [INFO] Updated config sheet_id=2b9db4 spreadsheet_token=V0REsvNHshM6aetzYQCcLMEHnOd
2026-03-02 16:58:57,103 [INFO] live_id=(empty)
2026-03-02 16:58:57,531 [INFO] existing_dedup_keys=3030
2026-03-02 16:58:57,535 [INFO] input_rows=28 normalized_rows=28 to_append=0
2026-03-02 16:58:57,535 [INFO] Nothing to append.

========================================================================
started_at=2026-03-02 16:59:52
finished_at=2026-03-02 16:59:57
returncode=0
cmd=/Library/Developer/CommandLineTools/usr/bin/python3 run_pipeline.py --config /Users/openclaw-mini/Desktop/OpenClaw/config.json --account 幸运

[stderr]
[kuaishou] profile_dir: /Users/openclaw-mini/Desktop/OpenClaw/.state/kuaishou_profiles/5112102085
[kuaishou] download_dir: /Users/openclaw-mini/Desktop/OpenClaw/exports/幸运
[kuaishou] export saved: /Users/openclaw-mini/Desktop/OpenClaw/exports/幸运/20260302_165955_站外履约课学员表单.xls
/Users/openclaw-mini/Library/Python/3.9/lib/python/site-packages/urllib3/__init__.py:35: NotOpenSSLWarning: urllib3 v2 only supports OpenSSL 1.1.1+, currently the 'ssl' module is compiled with 'LibreSSL 2.8.3'. See: https://github.com/urllib3/urllib3/issues/3020
  warnings.warn(
2026-03-02 16:59:56,215 [INFO] log_file=logs/sync_20260302_165956.log
2026-03-02 16:59:57,242 [INFO] Updated config sheet_id=2b9db4 spreadsheet_token=V0REsvNHshM6aetzYQCcLMEHnOd
2026-03-02 16:59:57,267 [INFO] live_id=(empty)
2026-03-02 16:59:57,772 [INFO] existing_dedup_keys=3030
2026-03-02 16:59:57,776 [INFO] input_rows=28 normalized_rows=28 to_append=0
2026-03-02 16:59:57,776 [INFO] Nothing to append.

========================================================================
started_at=2026-03-02 17:00:52
finished_at=2026-03-02 17:00:58
returncode=0
cmd=/Library/Developer/CommandLineTools/usr/bin/python3 run_pipeline.py --config /Users/openclaw-mini/Desktop/OpenClaw/config.json --account 幸运

[stderr]
[kuaishou] profile_dir: /Users/openclaw-mini/Desktop/OpenClaw/.state/kuaishou_profiles/5112102085
[kuaishou] download_dir: /Users/openclaw-mini/Desktop/OpenClaw/exports/幸运
[kuaishou] export saved: /Users/openclaw-mini/Desktop/OpenClaw/exports/幸运/20260302_170055_站外履约课学员表单.xls
/Users/openclaw-mini/Library/Python/3.9/lib/python/site-packages/urllib3/__init__.py:35: NotOpenSSLWarning: urllib3 v2 only supports OpenSSL 1.1.1+, currently the 'ssl' module is compiled with 'LibreSSL 2.8.3'. See: https://github.com/urllib3/urllib3/issues/3020
  warnings.warn(
2026-03-02 17:00:56,163 [INFO] log_file=logs/sync_20260302_170056.log
2026-03-02 17:00:57,405 [INFO] Updated config sheet_id=2b9db4 spreadsheet_token=V0REsvNHshM6aetzYQCcLMEHnOd
2026-03-02 17:00:57,432 [INFO] live_id=(empty)
2026-03-02 17:00:57,961 [INFO] existing_dedup_keys=3030
2026-03-02 17:00:57,966 [INFO] input_rows=28 normalized_rows=28 to_append=0
2026-03-02 17:00:57,966 [INFO] Nothing to append.

========================================================================
started_at=2026-03-02 17:01:52
finished_at=2026-03-02 17:01:58
returncode=0
cmd=/Library/Developer/CommandLineTools/usr/bin/python3 run_pipeline.py --config /Users/openclaw-mini/Desktop/OpenClaw/config.json --account 幸运

[stderr]
[kuaishou] profile_dir: /Users/openclaw-mini/Desktop/OpenClaw/.state/kuaishou_profiles/5112102085
[kuaishou] download_dir: /Users/openclaw-mini/Desktop/OpenClaw/exports/幸运
[kuaishou] export saved: /Users/openclaw-mini/Desktop/OpenClaw/exports/幸运/20260302_170156_站外履约课学员表单.xls
/Users/openclaw-mini/Library/Python/3.9/lib/python/site-packages/urllib3/__init__.py:35: NotOpenSSLWarning: urllib3 v2 only supports OpenSSL 1.1.1+, currently the 'ssl' module is compiled with 'LibreSSL 2.8.3'. See: https://github.com/urllib3/urllib3/issues/3020
  warnings.warn(
2026-03-02 17:01:56,398 [INFO] log_file=logs/sync_20260302_170156.log
2026-03-02 17:01:57,646 [INFO] Updated config sheet_id=2b9db4 spreadsheet_token=V0REsvNHshM6aetzYQCcLMEHnOd
2026-03-02 17:01:57,674 [INFO] live_id=(empty)
2026-03-02 17:01:58,161 [INFO] existing_dedup_keys=3030
2026-03-02 17:01:58,166 [INFO] input_rows=28 normalized_rows=28 to_append=0
2026-03-02 17:01:58,166 [INFO] Nothing to append.

========================================================================
started_at=2026-03-02 17:02:52
finished_at=2026-03-02 17:02:57
returncode=0
cmd=/Library/Developer/CommandLineTools/usr/bin/python3 run_pipeline.py --config /Users/openclaw-mini/Desktop/OpenClaw/config.json --account 幸运

[stderr]
[kuaishou] profile_dir: /Users/openclaw-mini/Desktop/OpenClaw/.state/kuaishou_profiles/5112102085
[kuaishou] download_dir: /Users/openclaw-mini/Desktop/OpenClaw/exports/幸运
[kuaishou] export saved: /Users/openclaw-mini/Desktop/OpenClaw/exports/幸运/20260302_170255_站外履约课学员表单.xls
/Users/openclaw-mini/Library/Python/3.9/lib/python/site-packages/urllib3/__init__.py:35: NotOpenSSLWarning: urllib3 v2 only supports OpenSSL 1.1.1+, currently the 'ssl' module is compiled with 'LibreSSL 2.8.3'. See: https://github.com/urllib3/urllib3/issues/3020
  warnings.warn(
2026-03-02 17:02:56,068 [INFO] log_file=logs/sync_20260302_170256.log
2026-03-02 17:02:57,074 [INFO] Updated config sheet_id=2b9db4 spreadsheet_token=V0REsvNHshM6aetzYQCcLMEHnOd
2026-03-02 17:02:57,098 [INFO] live_id=(empty)
2026-03-02 17:02:57,606 [INFO] existing_dedup_keys=3030
2026-03-02 17:02:57,610 [INFO] input_rows=28 normalized_rows=28 to_append=0
2026-03-02 17:02:57,610 [INFO] Nothing to append.

========================================================================
started_at=2026-03-02 17:03:52
finished_at=2026-03-02 17:03:58
returncode=0
cmd=/Library/Developer/CommandLineTools/usr/bin/python3 run_pipeline.py --config /Users/openclaw-mini/Desktop/OpenClaw/config.json --account 幸运

[stderr]
[kuaishou] profile_dir: /Users/openclaw-mini/Desktop/OpenClaw/.state/kuaishou_profiles/5112102085
[kuaishou] download_dir: /Users/openclaw-mini/Desktop/OpenClaw/exports/幸运
[kuaishou] export saved: /Users/openclaw-mini/Desktop/OpenClaw/exports/幸运/20260302_170356_站外履约课学员表单.xls
/Users/openclaw-mini/Library/Python/3.9/lib/python/site-packages/urllib3/__init__.py:35: NotOpenSSLWarning: urllib3 v2 only supports OpenSSL 1.1.1+, currently the 'ssl' module is compiled with 'LibreSSL 2.8.3'. See: https://github.com/urllib3/urllib3/issues/3020
  warnings.warn(
2026-03-02 17:03:56,503 [INFO] log_file=logs/sync_20260302_170356.log
2026-03-02 17:03:57,720 [INFO] Updated config sheet_id=2b9db4 spreadsheet_token=V0REsvNHshM6aetzYQCcLMEHnOd
2026-03-02 17:03:57,745 [INFO] live_id=(empty)
2026-03-02 17:03:58,448 [INFO] existing_dedup_keys=3030
2026-03-02 17:03:58,453 [INFO] input_rows=28 normalized_rows=28 to_append=0
2026-03-02 17:03:58,453 [INFO] Nothing to append.

========================================================================
started_at=2026-03-02 17:04:52
finished_at=2026-03-02 17:04:57
returncode=0
cmd=/Library/Developer/CommandLineTools/usr/bin/python3 run_pipeline.py --config /Users/openclaw-mini/Desktop/OpenClaw/config.json --account 幸运

[stderr]
[kuaishou] profile_dir: /Users/openclaw-mini/Desktop/OpenClaw/.state/kuaishou_profiles/5112102085
[kuaishou] download_dir: /Users/openclaw-mini/Desktop/OpenClaw/exports/幸运
[kuaishou] export saved: /Users/openclaw-mini/Desktop/OpenClaw/exports/幸运/20260302_170455_站外履约课学员表单.xls
/Users/openclaw-mini/Library/Python/3.9/lib/python/site-packages/urllib3/__init__.py:35: NotOpenSSLWarning: urllib3 v2 only supports OpenSSL 1.1.1+, currently the 'ssl' module is compiled with 'LibreSSL 2.8.3'. See: https://github.com/urllib3/urllib3/issues/3020
  warnings.warn(
2026-03-02 17:04:55,900 [INFO] log_file=logs/sync_20260302_170455.log
2026-03-02 17:04:56,999 [INFO] Updated config sheet_id=2b9db4 spreadsheet_token=V0REsvNHshM6aetzYQCcLMEHnOd
2026-03-02 17:04:57,024 [INFO] live_id=(empty)
2026-03-02 17:04:57,670 [INFO] existing_dedup_keys=3030
2026-03-02 17:04:57,675 [INFO] input_rows=28 normalized_rows=28 to_append=0
2026-03-02 17:04:57,675 [INFO] Nothing to append.

========================================================================
started_at=2026-03-02 17:05:52
finished_at=2026-03-02 17:05:58
returncode=0
cmd=/Library/Developer/CommandLineTools/usr/bin/python3 run_pipeline.py --config /Users/openclaw-mini/Desktop/OpenClaw/config.json --account 幸运

[stderr]
[kuaishou] profile_dir: /Users/openclaw-mini/Desktop/OpenClaw/.state/kuaishou_profiles/5112102085
[kuaishou] download_dir: /Users/openclaw-mini/Desktop/OpenClaw/exports/幸运
[kuaishou] export saved: /Users/openclaw-mini/Desktop/OpenClaw/exports/幸运/20260302_170555_站外履约课学员表单.xls
/Users/openclaw-mini/Library/Python/3.9/lib/python/site-packages/urllib3/__init__.py:35: NotOpenSSLWarning: urllib3 v2 only supports OpenSSL 1.1.1+, currently the 'ssl' module is compiled with 'LibreSSL 2.8.3'. See: https://github.com/urllib3/urllib3/issues/3020
  warnings.warn(
2026-03-02 17:05:56,296 [INFO] log_file=logs/sync_20260302_170556.log
2026-03-02 17:05:57,511 [INFO] Updated config sheet_id=2b9db4 spreadsheet_token=V0REsvNHshM6aetzYQCcLMEHnOd
2026-03-02 17:05:57,544 [INFO] live_id=(empty)
2026-03-02 17:05:57,963 [INFO] existing_dedup_keys=3030
2026-03-02 17:05:57,967 [INFO] input_rows=28 normalized_rows=28 to_append=0
2026-03-02 17:05:57,967 [INFO] Nothing to append.

========================================================================
started_at=2026-03-02 17:06:52
finished_at=2026-03-02 17:06:58
returncode=0
cmd=/Library/Developer/CommandLineTools/usr/bin/python3 run_pipeline.py --config /Users/openclaw-mini/Desktop/OpenClaw/config.json --account 幸运

[stderr]
[kuaishou] profile_dir: /Users/openclaw-mini/Desktop/OpenClaw/.state/kuaishou_profiles/5112102085
[kuaishou] download_dir: /Users/openclaw-mini/Desktop/OpenClaw/exports/幸运
[kuaishou] export saved: /Users/openclaw-mini/Desktop/OpenClaw/exports/幸运/20260302_170656_站外履约课学员表单.xls
/Users/openclaw-mini/Library/Python/3.9/lib/python/site-packages/urllib3/__init__.py:35: NotOpenSSLWarning: urllib3 v2 only supports OpenSSL 1.1.1+, currently the 'ssl' module is compiled with 'LibreSSL 2.8.3'. See: https://github.com/urllib3/urllib3/issues/3020
  warnings.warn(
2026-03-02 17:06:56,506 [INFO] log_file=logs/sync_20260302_170656.log
2026-03-02 17:06:57,724 [INFO] Updated config sheet_id=2b9db4 spreadsheet_token=V0REsvNHshM6aetzYQCcLMEHnOd
2026-03-02 17:06:57,751 [INFO] live_id=(empty)
2026-03-02 17:06:58,254 [INFO] existing_dedup_keys=3030
2026-03-02 17:06:58,259 [INFO] input_rows=28 normalized_rows=28 to_append=0
2026-03-02 17:06:58,259 [INFO] Nothing to append.

========================================================================
started_at=2026-03-02 17:07:52
finished_at=2026-03-02 17:07:57
returncode=0
cmd=/Library/Developer/CommandLineTools/usr/bin/python3 run_pipeline.py --config /Users/openclaw-mini/Desktop/OpenClaw/config.json --account 幸运

[stderr]
[kuaishou] profile_dir: /Users/openclaw-mini/Desktop/OpenClaw/.state/kuaishou_profiles/5112102085
[kuaishou] download_dir: /Users/openclaw-mini/Desktop/OpenClaw/exports/幸运
[kuaishou] export saved: /Users/openclaw-mini/Desktop/OpenClaw/exports/幸运/20260302_170755_站外履约课学员表单.xls
/Users/openclaw-mini/Library/Python/3.9/lib/python/site-packages/urllib3/__init__.py:35: NotOpenSSLWarning: urllib3 v2 only supports OpenSSL 1.1.1+, currently the 'ssl' module is compiled with 'LibreSSL 2.8.3'. See: https://github.com/urllib3/urllib3/issues/3020
  warnings.warn(
2026-03-02 17:07:55,556 [INFO] log_file=logs/sync_20260302_170755.log
2026-03-02 17:07:56,865 [INFO] Updated config sheet_id=2b9db4 spreadsheet_token=V0REsvNHshM6aetzYQCcLMEHnOd
2026-03-02 17:07:56,892 [INFO] live_id=(empty)
2026-03-02 17:07:57,581 [INFO] existing_dedup_keys=3030
2026-03-02 17:07:57,584 [INFO] input_rows=28 normalized_rows=28 to_append=0
2026-03-02 17:07:57,585 [INFO] Nothing to append.

========================================================================
started_at=2026-03-02 17:08:52
finished_at=2026-03-02 17:08:58
returncode=0
cmd=/Library/Developer/CommandLineTools/usr/bin/python3 run_pipeline.py --config /Users/openclaw-mini/Desktop/OpenClaw/config.json --account 幸运

[stderr]
[kuaishou] profile_dir: /Users/openclaw-mini/Desktop/OpenClaw/.state/kuaishou_profiles/5112102085
[kuaishou] download_dir: /Users/openclaw-mini/Desktop/OpenClaw/exports/幸运
[kuaishou] export saved: /Users/openclaw-mini/Desktop/OpenClaw/exports/幸运/20260302_170856_站外履约课学员表单.xls
/Users/openclaw-mini/Library/Python/3.9/lib/python/site-packages/urllib3/__init__.py:35: NotOpenSSLWarning: urllib3 v2 only supports OpenSSL 1.1.1+, currently the 'ssl' module is compiled with 'LibreSSL 2.8.3'. See: https://github.com/urllib3/urllib3/issues/3020
  warnings.warn(
2026-03-02 17:08:57,297 [INFO] log_file=logs/sync_20260302_170857.log
2026-03-02 17:08:58,311 [INFO] Updated config sheet_id=2b9db4 spreadsheet_token=V0REsvNHshM6aetzYQCcLMEHnOd
2026-03-02 17:08:58,335 [INFO] live_id=(empty)
2026-03-02 17:08:58,845 [INFO] existing_dedup_keys=3030
2026-03-02 17:08:58,849 [INFO] input_rows=28 normalized_rows=28 to_append=0
2026-03-02 17:08:58,850 [INFO] Nothing to append.

========================================================================
started_at=2026-03-02 17:09:52
finished_at=2026-03-02 17:09:57
returncode=0
cmd=/Library/Developer/CommandLineTools/usr/bin/python3 run_pipeline.py --config /Users/openclaw-mini/Desktop/OpenClaw/config.json --account 幸运

[stderr]
[kuaishou] profile_dir: /Users/openclaw-mini/Desktop/OpenClaw/.state/kuaishou_profiles/5112102085
[kuaishou] download_dir: /Users/openclaw-mini/Desktop/OpenClaw/exports/幸运
[kuaishou] export saved: /Users/openclaw-mini/Desktop/OpenClaw/exports/幸运/20260302_170955_站外履约课学员表单.xls
/Users/openclaw-mini/Library/Python/3.9/lib/python/site-packages/urllib3/__init__.py:35: NotOpenSSLWarning: urllib3 v2 only supports OpenSSL 1.1.1+, currently the 'ssl' module is compiled with 'LibreSSL 2.8.3'. See: https://github.com/urllib3/urllib3/issues/3020
  warnings.warn(
2026-03-02 17:09:55,658 [INFO] log_file=logs/sync_20260302_170955.log
2026-03-02 17:09:57,036 [INFO] Updated config sheet_id=2b9db4 spreadsheet_token=V0REsvNHshM6aetzYQCcLMEHnOd
2026-03-02 17:09:57,060 [INFO] live_id=(empty)
2026-03-02 17:09:57,568 [INFO] existing_dedup_keys=3030
2026-03-02 17:09:57,573 [INFO] input_rows=28 normalized_rows=28 to_append=0
2026-03-02 17:09:57,573 [INFO] Nothing to append.

========================================================================
started_at=2026-03-02 17:10:52
finished_at=2026-03-02 17:10:57
returncode=0
cmd=/Library/Developer/CommandLineTools/usr/bin/python3 run_pipeline.py --config /Users/openclaw-mini/Desktop/OpenClaw/config.json --account 幸运

[stderr]
[kuaishou] profile_dir: /Users/openclaw-mini/Desktop/OpenClaw/.state/kuaishou_profiles/5112102085
[kuaishou] download_dir: /Users/openclaw-mini/Desktop/OpenClaw/exports/幸运
[kuaishou] export saved: /Users/openclaw-mini/Desktop/OpenClaw/exports/幸运/20260302_171055_站外履约课学员表单.xls
/Users/openclaw-mini/Library/Python/3.9/lib/python/site-packages/urllib3/__init__.py:35: NotOpenSSLWarning: urllib3 v2 only supports OpenSSL 1.1.1+, currently the 'ssl' module is compiled with 'LibreSSL 2.8.3'. See: https://github.com/urllib3/urllib3/issues/3020
  warnings.warn(
2026-03-02 17:10:56,193 [INFO] log_file=logs/sync_20260302_171056.log
2026-03-02 17:10:57,326 [INFO] Updated config sheet_id=2b9db4 spreadsheet_token=V0REsvNHshM6aetzYQCcLMEHnOd
2026-03-02 17:10:57,351 [INFO] live_id=(empty)
2026-03-02 17:10:57,858 [INFO] existing_dedup_keys=3030
2026-03-02 17:10:57,863 [INFO] input_rows=28 normalized_rows=28 to_append=0
2026-03-02 17:10:57,863 [INFO] Nothing to append.

========================================================================
started_at=2026-03-02 17:11:52
finished_at=2026-03-02 17:11:58
returncode=0
cmd=/Library/Developer/CommandLineTools/usr/bin/python3 run_pipeline.py --config /Users/openclaw-mini/Desktop/OpenClaw/config.json --account 幸运

[stderr]
[kuaishou] profile_dir: /Users/openclaw-mini/Desktop/OpenClaw/.state/kuaishou_profiles/5112102085
[kuaishou] download_dir: /Users/openclaw-mini/Desktop/OpenClaw/exports/幸运
[kuaishou] export saved: /Users/openclaw-mini/Desktop/OpenClaw/exports/幸运/20260302_171155_站外履约课学员表单.xls
/Users/openclaw-mini/Library/Python/3.9/lib/python/site-packages/urllib3/__init__.py:35: NotOpenSSLWarning: urllib3 v2 only supports OpenSSL 1.1.1+, currently the 'ssl' module is compiled with 'LibreSSL 2.8.3'. See: https://github.com/urllib3/urllib3/issues/3020
  warnings.warn(
2026-03-02 17:11:56,207 [INFO] log_file=logs/sync_20260302_171156.log
2026-03-02 17:11:57,504 [INFO] Updated config sheet_id=2b9db4 spreadsheet_token=V0REsvNHshM6aetzYQCcLMEHnOd
2026-03-02 17:11:57,529 [INFO] live_id=(empty)
2026-03-02 17:11:58,055 [INFO] existing_dedup_keys=3030
2026-03-02 17:11:58,060 [INFO] input_rows=28 normalized_rows=28 to_append=0
2026-03-02 17:11:58,060 [INFO] Nothing to append.

========================================================================
started_at=2026-03-02 17:12:52
finished_at=2026-03-02 17:12:57
returncode=0
cmd=/Library/Developer/CommandLineTools/usr/bin/python3 run_pipeline.py --config /Users/openclaw-mini/Desktop/OpenClaw/config.json --account 幸运

[stderr]
[kuaishou] profile_dir: /Users/openclaw-mini/Desktop/OpenClaw/.state/kuaishou_profiles/5112102085
[kuaishou] download_dir: /Users/openclaw-mini/Desktop/OpenClaw/exports/幸运
[kuaishou] export saved: /Users/openclaw-mini/Desktop/OpenClaw/exports/幸运/20260302_171255_站外履约课学员表单.xls
/Users/openclaw-mini/Library/Python/3.9/lib/python/site-packages/urllib3/__init__.py:35: NotOpenSSLWarning: urllib3 v2 only supports OpenSSL 1.1.1+, currently the 'ssl' module is compiled with 'LibreSSL 2.8.3'. See: https://github.com/urllib3/urllib3/issues/3020
  warnings.warn(
2026-03-02 17:12:56,143 [INFO] log_file=logs/sync_20260302_171256.log
2026-03-02 17:12:57,193 [INFO] Updated config sheet_id=2b9db4 spreadsheet_token=V0REsvNHshM6aetzYQCcLMEHnOd
2026-03-02 17:12:57,219 [INFO] live_id=(empty)
2026-03-02 17:12:57,641 [INFO] existing_dedup_keys=3030
2026-03-02 17:12:57,647 [INFO] input_rows=28 normalized_rows=28 to_append=0
2026-03-02 17:12:57,647 [INFO] Nothing to append.

========================================================================
started_at=2026-03-02 17:13:52
finished_at=2026-03-02 17:13:57
returncode=0
cmd=/Library/Developer/CommandLineTools/usr/bin/python3 run_pipeline.py --config /Users/openclaw-mini/Desktop/OpenClaw/config.json --account 幸运

[stderr]
[kuaishou] profile_dir: /Users/openclaw-mini/Desktop/OpenClaw/.state/kuaishou_profiles/5112102085
[kuaishou] download_dir: /Users/openclaw-mini/Desktop/OpenClaw/exports/幸运
[kuaishou] export saved: /Users/openclaw-mini/Desktop/OpenClaw/exports/幸运/20260302_171356_站外履约课学员表单.xls
/Users/openclaw-mini/Library/Python/3.9/lib/python/site-packages/urllib3/__init__.py:35: NotOpenSSLWarning: urllib3 v2 only supports OpenSSL 1.1.1+, currently the 'ssl' module is compiled with 'LibreSSL 2.8.3'. See: https://github.com/urllib3/urllib3/issues/3020
  warnings.warn(
2026-03-02 17:13:56,448 [INFO] log_file=logs/sync_20260302_171356.log
2026-03-02 17:13:57,468 [INFO] Updated config sheet_id=2b9db4 spreadsheet_token=V0REsvNHshM6aetzYQCcLMEHnOd
2026-03-02 17:13:57,493 [INFO] live_id=(empty)
2026-03-02 17:13:57,911 [INFO] existing_dedup_keys=3030
2026-03-02 17:13:57,916 [INFO] input_rows=28 normalized_rows=28 to_append=0
2026-03-02 17:13:57,916 [INFO] Nothing to append.

========================================================================
started_at=2026-03-02 17:14:52
finished_at=2026-03-02 17:14:58
returncode=0
cmd=/Library/Developer/CommandLineTools/usr/bin/python3 run_pipeline.py --config /Users/openclaw-mini/Desktop/OpenClaw/config.json --account 幸运

[stderr]
[kuaishou] profile_dir: /Users/openclaw-mini/Desktop/OpenClaw/.state/kuaishou_profiles/5112102085
[kuaishou] download_dir: /Users/openclaw-mini/Desktop/OpenClaw/exports/幸运
[kuaishou] export saved: /Users/openclaw-mini/Desktop/OpenClaw/exports/幸运/20260302_171456_站外履约课学员表单.xls
/Users/openclaw-mini/Library/Python/3.9/lib/python/site-packages/urllib3/__init__.py:35: NotOpenSSLWarning: urllib3 v2 only supports OpenSSL 1.1.1+, currently the 'ssl' module is compiled with 'LibreSSL 2.8.3'. See: https://github.com/urllib3/urllib3/issues/3020
  warnings.warn(
2026-03-02 17:14:56,540 [INFO] log_file=logs/sync_20260302_171456.log
2026-03-02 17:14:57,733 [INFO] Updated config sheet_id=2b9db4 spreadsheet_token=V0REsvNHshM6aetzYQCcLMEHnOd
2026-03-02 17:14:57,755 [INFO] live_id=(empty)
2026-03-02 17:14:58,126 [INFO] existing_dedup_keys=3030
2026-03-02 17:14:58,130 [INFO] input_rows=28 normalized_rows=28 to_append=0
2026-03-02 17:14:58,130 [INFO] Nothing to append.

========================================================================
started_at=2026-03-02 17:20:36
finished_at=2026-03-02 17:20:43
returncode=0
cmd=/Library/Developer/CommandLineTools/usr/bin/python3 run_pipeline.py --config /Users/openclaw-mini/Desktop/OpenClaw/config.json --account 幸运

[stderr]
[kuaishou] profile_dir: /Users/openclaw-mini/Desktop/OpenClaw/.state/kuaishou_profiles/5112102085
[kuaishou] download_dir: /Users/openclaw-mini/Desktop/OpenClaw/exports/幸运
[kuaishou] export saved: /Users/openclaw-mini/Desktop/OpenClaw/exports/幸运/20260302_172040_站外履约课学员表单.xls
/Users/openclaw-mini/Library/Python/3.9/lib/python/site-packages/urllib3/__init__.py:35: NotOpenSSLWarning: urllib3 v2 only supports OpenSSL 1.1.1+, currently the 'ssl' module is compiled with 'LibreSSL 2.8.3'. See: https://github.com/urllib3/urllib3/issues/3020
  warnings.warn(
2026-03-02 17:20:40,733 [INFO] log_file=logs/sync_20260302_172040.log
2026-03-02 17:20:41,805 [INFO] Updated config sheet_id=2b9db4 spreadsheet_token=V0REsvNHshM6aetzYQCcLMEHnOd
2026-03-02 17:20:41,828 [INFO] live_id=(empty)
2026-03-02 17:20:42,338 [INFO] existing_dedup_keys=2992
2026-03-02 17:20:42,343 [INFO] input_rows=28 normalized_rows=28 to_append=28
2026-03-02 17:20:43,033 [INFO] append_response={'code': 0, 'data': {'revision': 30, 'spreadsheetToken': 'V0REsvNHshM6aetzYQCcLMEHnOd', 'tableRange': '2b9db4!A2995:P3022', 'updates': {'revision': 30, 'spreadsheetToken': 'V0REsvNHshM6aetzYQCcLMEHnOd', 'updatedCells': 448, 'updatedColumns': 16, 'updatedRange': '2b9db4!A2995:P3022', 'updatedRows': 28}}, 'msg': 'success'}

========================================================================
started_at=2026-03-02 17:24:21
finished_at=2026-03-02 17:24:27
returncode=0
cmd=/Library/Developer/CommandLineTools/usr/bin/python3 run_pipeline.py --config /Users/openclaw-mini/Desktop/OpenClaw/config.json --account 幸运

[stderr]
[kuaishou] profile_dir: /Users/openclaw-mini/Desktop/OpenClaw/.state/kuaishou_profiles/5112102085
[kuaishou] download_dir: /Users/openclaw-mini/Desktop/OpenClaw/exports/幸运
[kuaishou] export saved: /Users/openclaw-mini/Desktop/OpenClaw/exports/幸运/20260302_172424_站外履约课学员表单.xls
/Users/openclaw-mini/Library/Python/3.9/lib/python/site-packages/urllib3/__init__.py:35: NotOpenSSLWarning: urllib3 v2 only supports OpenSSL 1.1.1+, currently the 'ssl' module is compiled with 'LibreSSL 2.8.3'. See: https://github.com/urllib3/urllib3/issues/3020
  warnings.warn(
2026-03-02 17:24:25,383 [INFO] log_file=logs/sync_20260302_172425.log
2026-03-02 17:24:26,357 [INFO] Updated config sheet_id=2b9db4 spreadsheet_token=V0REsvNHshM6aetzYQCcLMEHnOd
2026-03-02 17:24:26,386 [INFO] live_id=(empty)
2026-03-02 17:24:26,880 [INFO] existing_dedup_keys=2992
2026-03-02 17:24:26,884 [INFO] input_rows=28 normalized_rows=28 to_append=28
2026-03-02 17:24:27,433 [INFO] append_response={'code': 0, 'data': {'revision': 32, 'spreadsheetToken': 'V0REsvNHshM6aetzYQCcLMEHnOd', 'tableRange': '2b9db4!A2995:P3022', 'updates': {'revision': 32, 'spreadsheetToken': 'V0REsvNHshM6aetzYQCcLMEHnOd', 'updatedCells': 448, 'updatedColumns': 16, 'updatedRange': '2b9db4!A2995:P3022', 'updatedRows': 28}}, 'msg': 'success'}

========================================================================
started_at=2026-03-02 18:09:21
finished_at=2026-03-02 18:09:29
returncode=0
cmd=/Library/Developer/CommandLineTools/usr/bin/python3 run_pipeline.py --config /Users/openclaw-mini/Desktop/OpenClaw/config.json --account 幸运

[stderr]
[kuaishou] profile_dir: /Users/openclaw-mini/Desktop/OpenClaw/.state/kuaishou_profiles/5112102085
[kuaishou] download_dir: /Users/openclaw-mini/Desktop/OpenClaw/exports/幸运
[kuaishou] export saved: /Users/openclaw-mini/Desktop/OpenClaw/exports/幸运/20260302_180926_站外履约课学员表单.xls
/Users/openclaw-mini/Library/Python/3.9/lib/python/site-packages/urllib3/__init__.py:35: NotOpenSSLWarning: urllib3 v2 only supports OpenSSL 1.1.1+, currently the 'ssl' module is compiled with 'LibreSSL 2.8.3'. See: https://github.com/urllib3/urllib3/issues/3020
  warnings.warn(
2026-03-02 18:09:26,898 [INFO] log_file=logs/sync_20260302_180926.log
2026-03-02 18:09:28,023 [INFO] Updated config sheet_id=2b9db4 spreadsheet_token=V0REsvNHshM6aetzYQCcLMEHnOd
2026-03-02 18:09:28,058 [INFO] live_id=(empty)
2026-03-02 18:09:28,524 [INFO] existing_dedup_keys=2992
2026-03-02 18:09:28,526 [INFO] input_rows=28 normalized_rows=28 to_append=28
2026-03-02 18:09:29,044 [INFO] append_response={'code': 0, 'data': {'revision': 34, 'spreadsheetToken': 'V0REsvNHshM6aetzYQCcLMEHnOd', 'tableRange': '2b9db4!A2995:P3022', 'updates': {'revision': 34, 'spreadsheetToken': 'V0REsvNHshM6aetzYQCcLMEHnOd', 'updatedCells': 448, 'updatedColumns': 16, 'updatedRange': '2b9db4!A2995:P3022', 'updatedRows': 28}}, 'msg': 'success'}

========================================================================
started_at=2026-03-02 18:16:20
finished_at=2026-03-02 18:16:27
returncode=0
cmd=/Library/Developer/CommandLineTools/usr/bin/python3 run_pipeline.py --config /Users/openclaw-mini/Desktop/OpenClaw/config.json --account 幸运

[stderr]
[kuaishou] profile_dir: /Users/openclaw-mini/Desktop/OpenClaw/.state/kuaishou_profiles/5112102085
[kuaishou] download_dir: /Users/openclaw-mini/Desktop/OpenClaw/exports/幸运
[kuaishou] export saved: /Users/openclaw-mini/Desktop/OpenClaw/exports/幸运/20260302_181624_站外履约课学员表单.xls
/Users/openclaw-mini/Library/Python/3.9/lib/python/site-packages/urllib3/__init__.py:35: NotOpenSSLWarning: urllib3 v2 only supports OpenSSL 1.1.1+, currently the 'ssl' module is compiled with 'LibreSSL 2.8.3'. See: https://github.com/urllib3/urllib3/issues/3020
  warnings.warn(
2026-03-02 18:16:24,947 [INFO] log_file=logs/sync_20260302_181624.log
2026-03-02 18:16:26,510 [INFO] Updated config sheet_id=2b9db4 spreadsheet_token=V0REsvNHshM6aetzYQCcLMEHnOd
2026-03-02 18:16:26,545 [INFO] live_id=(empty)
2026-03-02 18:16:27,003 [INFO] existing_dedup_keys=2992
2026-03-02 18:16:27,006 [INFO] input_rows=28 normalized_rows=28 to_append=28
2026-03-02 18:16:27,536 [INFO] append_response={'code': 0, 'data': {'revision': 36, 'spreadsheetToken': 'V0REsvNHshM6aetzYQCcLMEHnOd', 'tableRange': '2b9db4!A2995:P3022', 'updates': {'revision': 36, 'spreadsheetToken': 'V0REsvNHshM6aetzYQCcLMEHnOd', 'updatedCells': 448, 'updatedColumns': 16, 'updatedRange': '2b9db4!A2995:P3022', 'updatedRows': 28}}, 'msg': 'success'}

========================================================================
started_at=2026-03-02 18:21:24
finished_at=2026-03-02 18:21:30
returncode=0
cmd=/Library/Developer/CommandLineTools/usr/bin/python3 run_pipeline.py --config /Users/openclaw-mini/Desktop/OpenClaw/config.json --account 幸运

[stderr]
[kuaishou] profile_dir: /Users/openclaw-mini/Desktop/OpenClaw/.state/kuaishou_profiles/5112102085
[kuaishou] download_dir: /Users/openclaw-mini/Desktop/OpenClaw/exports/幸运
[kuaishou] export saved: /Users/openclaw-mini/Desktop/OpenClaw/exports/幸运/20260302_182127_站外履约课学员表单.xls
/Users/openclaw-mini/Library/Python/3.9/lib/python/site-packages/urllib3/__init__.py:35: NotOpenSSLWarning: urllib3 v2 only supports OpenSSL 1.1.1+, currently the 'ssl' module is compiled with 'LibreSSL 2.8.3'. See: https://github.com/urllib3/urllib3/issues/3020
  warnings.warn(
2026-03-02 18:21:28,405 [INFO] log_file=logs/sync_20260302_182128.log
2026-03-02 18:21:29,523 [INFO] Updated config sheet_id=2b9db4 spreadsheet_token=V0REsvNHshM6aetzYQCcLMEHnOd
2026-03-02 18:21:29,557 [INFO] live_id=(empty)
2026-03-02 18:21:29,952 [INFO] existing_dedup_keys=2992
2026-03-02 18:21:29,956 [INFO] input_rows=28 normalized_rows=28 to_append=28
2026-03-02 18:21:30,675 [INFO] append_response={'code': 0, 'data': {'revision': 38, 'spreadsheetToken': 'V0REsvNHshM6aetzYQCcLMEHnOd', 'tableRange': '2b9db4!A2995:P3022', 'updates': {'revision': 38, 'spreadsheetToken': 'V0REsvNHshM6aetzYQCcLMEHnOd', 'updatedCells': 448, 'updatedColumns': 16, 'updatedRange': '2b9db4!A2995:P3022', 'updatedRows': 28}}, 'msg': 'success'}

========================================================================
started_at=2026-03-02 18:22:22
finished_at=2026-03-02 18:22:29
returncode=0
cmd=/Library/Developer/CommandLineTools/usr/bin/python3 run_pipeline.py --config /Users/openclaw-mini/Desktop/OpenClaw/config.json --account 幸运

[stderr]
[kuaishou] profile_dir: /Users/openclaw-mini/Desktop/OpenClaw/.state/kuaishou_profiles/5112102085
[kuaishou] download_dir: /Users/openclaw-mini/Desktop/OpenClaw/exports/幸运
[kuaishou] export saved: /Users/openclaw-mini/Desktop/OpenClaw/exports/幸运/20260302_182226_站外履约课学员表单.xls
/Users/openclaw-mini/Library/Python/3.9/lib/python/site-packages/urllib3/__init__.py:35: NotOpenSSLWarning: urllib3 v2 only supports OpenSSL 1.1.1+, currently the 'ssl' module is compiled with 'LibreSSL 2.8.3'. See: https://github.com/urllib3/urllib3/issues/3020
  warnings.warn(
2026-03-02 18:22:27,240 [INFO] log_file=logs/sync_20260302_182227.log
2026-03-02 18:22:28,662 [INFO] Updated config sheet_id=2b9db4 spreadsheet_token=V0REsvNHshM6aetzYQCcLMEHnOd
2026-03-02 18:22:28,697 [INFO] live_id=(empty)
2026-03-02 18:22:29,083 [INFO] existing_dedup_keys=3020
2026-03-02 18:22:29,087 [INFO] input_rows=28 normalized_rows=28 to_append=0
2026-03-02 18:22:29,087 [INFO] Nothing to append.

========================================================================
started_at=2026-03-02 18:32:33
finished_at=2026-03-02 18:32:41
returncode=0
cmd=/Library/Developer/CommandLineTools/usr/bin/python3 run_pipeline.py --config config.json --account 幸运 --live-id TEST123

[stderr]
[kuaishou] profile_dir: /Users/openclaw-mini/Desktop/OpenClaw/.state/kuaishou_profiles/5112102085
[kuaishou] download_dir: /Users/openclaw-mini/Desktop/OpenClaw/exports/幸运
[kuaishou] export saved: /Users/openclaw-mini/Desktop/OpenClaw/exports/幸运/20260302_183238_站外履约课学员表单.xls
/Users/openclaw-mini/Library/Python/3.9/lib/python/site-packages/urllib3/__init__.py:35: NotOpenSSLWarning: urllib3 v2 only supports OpenSSL 1.1.1+, currently the 'ssl' module is compiled with 'LibreSSL 2.8.3'. See: https://github.com/urllib3/urllib3/issues/3020
  warnings.warn(
2026-03-02 18:32:38,928 [INFO] log_file=logs/sync_20260302_183238.log
2026-03-02 18:32:40,358 [INFO] Updated config sheet_id=2b9db4 spreadsheet_token=V0REsvNHshM6aetzYQCcLMEHnOd
2026-03-02 18:32:40,393 [INFO] live_id=TEST123 first_row_live_id=TEST123
2026-03-02 18:32:41,152 [INFO] existing_dedup_keys=3020
2026-03-02 18:32:41,157 [INFO] input_rows=28 normalized_rows=28 to_append=0
2026-03-02 18:32:41,157 [INFO] Nothing to append.

========================================================================
started_at=2026-03-02 18:43:19
finished_at=2026-03-02 18:43:25
returncode=0
cmd=/Library/Developer/CommandLineTools/usr/bin/python3 run_pipeline.py --config config.json --account 幸运

[stderr]
[kuaishou] profile_dir: /Users/openclaw-mini/Desktop/OpenClaw/.state/kuaishou_profiles/5112102085
[kuaishou] download_dir: /Users/openclaw-mini/Desktop/OpenClaw/exports/幸运
[kuaishou] export saved: /Users/openclaw-mini/Desktop/OpenClaw/exports/幸运/20260302_184323_站外履约课学员表单.xls
/Users/openclaw-mini/Library/Python/3.9/lib/python/site-packages/urllib3/__init__.py:35: NotOpenSSLWarning: urllib3 v2 only supports OpenSSL 1.1.1+, currently the 'ssl' module is compiled with 'LibreSSL 2.8.3'. See: https://github.com/urllib3/urllib3/issues/3020
  warnings.warn(
2026-03-02 18:43:23,745 [INFO] log_file=logs/sync_20260302_184323.log
2026-03-02 18:43:24,654 [INFO] Updated config sheet_id=2b9db4 spreadsheet_token=V0REsvNHshM6aetzYQCcLMEHnOd
2026-03-02 18:43:24,689 [INFO] live_id=(empty)
2026-03-02 18:43:25,073 [INFO] existing_dedup_keys=2992
2026-03-02 18:43:25,077 [INFO] input_rows=28 normalized_rows=28 to_append=28
2026-03-02 18:43:25,540 [INFO] append_response={'code': 0, 'data': {'revision': 40, 'spreadsheetToken': 'V0REsvNHshM6aetzYQCcLMEHnOd', 'tableRange': '2b9db4!A2995:P3022', 'updates': {'revision': 40, 'spreadsheetToken': 'V0REsvNHshM6aetzYQCcLMEHnOd', 'updatedCells': 448, 'updatedColumns': 16, 'updatedRange': '2b9db4!A2995:P3022', 'updatedRows': 28}}, 'msg': 'success'}

========================================================================
started_at=2026-03-02 18:58:43
finished_at=2026-03-02 18:58:50
returncode=0
cmd=/Library/Developer/CommandLineTools/usr/bin/python3 run_pipeline.py --config config.json --account 幸运 --live-id 123

[stderr]
[kuaishou] profile_dir: /Users/openclaw-mini/Desktop/OpenClaw/.state/kuaishou_profiles/5112102085
[kuaishou] download_dir: /Users/openclaw-mini/Desktop/OpenClaw/exports/幸运
[kuaishou] export saved: /Users/openclaw-mini/Desktop/OpenClaw/exports/幸运/20260302_185848_站外履约课学员表单.xls
/Users/openclaw-mini/Library/Python/3.9/lib/python/site-packages/urllib3/__init__.py:35: NotOpenSSLWarning: urllib3 v2 only supports OpenSSL 1.1.1+, currently the 'ssl' module is compiled with 'LibreSSL 2.8.3'. See: https://github.com/urllib3/urllib3/issues/3020
  warnings.warn(
2026-03-02 18:58:48,717 [INFO] log_file=logs/sync_20260302_185848.log
2026-03-02 18:58:50,096 [INFO] Updated config sheet_id=2b9db4 spreadsheet_token=V0REsvNHshM6aetzYQCcLMEHnOd
2026-03-02 18:58:50,131 [INFO] live_id=123 first_row_live_id=123
2026-03-02 18:58:50,878 [INFO] existing_dedup_keys=3020
2026-03-02 18:58:50,883 [INFO] input_rows=28 normalized_rows=28 to_append=0
2026-03-02 18:58:50,884 [INFO] Nothing to append.

========================================================================
started_at=2026-03-02 18:59:06
finished_at=2026-03-02 18:59:15
returncode=0
cmd=/Library/Developer/CommandLineTools/usr/bin/python3 run_pipeline.py --config config.json --account 幸运 --live-id 1234

[stderr]
[kuaishou] profile_dir: /Users/openclaw-mini/Desktop/OpenClaw/.state/kuaishou_profiles/5112102085
[kuaishou] download_dir: /Users/openclaw-mini/Desktop/OpenClaw/exports/幸运
[kuaishou] export saved: /Users/openclaw-mini/Desktop/OpenClaw/exports/幸运/20260302_185912_站外履约课学员表单.xls
/Users/openclaw-mini/Library/Python/3.9/lib/python/site-packages/urllib3/__init__.py:35: NotOpenSSLWarning: urllib3 v2 only supports OpenSSL 1.1.1+, currently the 'ssl' module is compiled with 'LibreSSL 2.8.3'. See: https://github.com/urllib3/urllib3/issues/3020
  warnings.warn(
2026-03-02 18:59:13,244 [INFO] log_file=logs/sync_20260302_185913.log
2026-03-02 18:59:14,346 [INFO] Updated config sheet_id=2b9db4 spreadsheet_token=V0REsvNHshM6aetzYQCcLMEHnOd
2026-03-02 18:59:14,381 [INFO] live_id=1234 first_row_live_id=1234
2026-03-02 18:59:14,890 [INFO] existing_dedup_keys=2992
2026-03-02 18:59:14,894 [INFO] input_rows=28 normalized_rows=28 to_append=28
2026-03-02 18:59:15,546 [INFO] append_response={'code': 0, 'data': {'revision': 42, 'spreadsheetToken': 'V0REsvNHshM6aetzYQCcLMEHnOd', 'tableRange': '2b9db4!A2995:P3022', 'updates': {'revision': 42, 'spreadsheetToken': 'V0REsvNHshM6aetzYQCcLMEHnOd', 'updatedCells': 448, 'updatedColumns': 16, 'updatedRange': '2b9db4!A2995:P3022', 'updatedRows': 28}}, 'msg': 'success'}

========================================================================
started_at=2026-03-02 19:03:21
finished_at=2026-03-02 19:03:30
returncode=0
cmd=/Library/Developer/CommandLineTools/usr/bin/python3 run_pipeline.py --config config.json --account 幸运 --live-id 123444

[stderr]
[kuaishou] profile_dir: /Users/openclaw-mini/Desktop/OpenClaw/.state/kuaishou_profiles/5112102085
[kuaishou] download_dir: /Users/openclaw-mini/Desktop/OpenClaw/exports/幸运
[kuaishou] export saved: /Users/openclaw-mini/Desktop/OpenClaw/exports/幸运/20260302_190326_站外履约课学员表单.xls
/Users/openclaw-mini/Library/Python/3.9/lib/python/site-packages/urllib3/__init__.py:35: NotOpenSSLWarning: urllib3 v2 only supports OpenSSL 1.1.1+, currently the 'ssl' module is compiled with 'LibreSSL 2.8.3'. See: https://github.com/urllib3/urllib3/issues/3020
  warnings.warn(
2026-03-02 19:03:26,836 [INFO] log_file=logs/sync_20260302_190326.log
2026-03-02 19:03:29,244 [INFO] Updated config sheet_id=2b9db4 spreadsheet_token=V0REsvNHshM6aetzYQCcLMEHnOd
2026-03-02 19:03:29,279 [INFO] live_id=123444 first_row_live_id=123444
2026-03-02 19:03:29,891 [INFO] existing_dedup_keys=2992
2026-03-02 19:03:29,895 [INFO] input_rows=28 normalized_rows=28 to_append=28
2026-03-02 19:03:30,520 [INFO] append_response={'code': 0, 'data': {'revision': 44, 'spreadsheetToken': 'V0REsvNHshM6aetzYQCcLMEHnOd', 'tableRange': '2b9db4!A2995:P3022', 'updates': {'revision': 44, 'spreadsheetToken': 'V0REsvNHshM6aetzYQCcLMEHnOd', 'updatedCells': 448, 'updatedColumns': 16, 'updatedRange': '2b9db4!A2995:P3022', 'updatedRows': 28}}, 'msg': 'success'}

========================================================================
started_at=2026-03-02 19:08:48
finished_at=2026-03-02 19:08:55
returncode=0
cmd=/Library/Developer/CommandLineTools/usr/bin/python3 run_pipeline.py --config config.json --account 幸运 --live-id 222

[stderr]
[kuaishou] profile_dir: /Users/openclaw-mini/Desktop/OpenClaw/.state/kuaishou_profiles/5112102085
[kuaishou] download_dir: /Users/openclaw-mini/Desktop/OpenClaw/exports/幸运
[kuaishou] export saved: /Users/openclaw-mini/Desktop/OpenClaw/exports/幸运/20260302_190852_站外履约课学员表单.xls
/Users/openclaw-mini/Library/Python/3.9/lib/python/site-packages/urllib3/__init__.py:35: NotOpenSSLWarning: urllib3 v2 only supports OpenSSL 1.1.1+, currently the 'ssl' module is compiled with 'LibreSSL 2.8.3'. See: https://github.com/urllib3/urllib3/issues/3020
  warnings.warn(
2026-03-02 19:08:53,075 [INFO] log_file=logs/sync_20260302_190853.log
2026-03-02 19:08:54,178 [INFO] Updated config sheet_id=2b9db4 spreadsheet_token=V0REsvNHshM6aetzYQCcLMEHnOd
2026-03-02 19:08:54,214 [INFO] live_id=222 first_row_live_id=222
2026-03-02 19:08:54,822 [INFO] existing_dedup_keys=3288
2026-03-02 19:08:54,825 [INFO] input_rows=28 normalized_rows=28 to_append=1
2026-03-02 19:08:55,476 [INFO] append_response={'code': 0, 'data': {'revision': 48, 'spreadsheetToken': 'V0REsvNHshM6aetzYQCcLMEHnOd', 'tableRange': '2b9db4!A3291:P3291', 'updates': {'revision': 48, 'spreadsheetToken': 'V0REsvNHshM6aetzYQCcLMEHnOd', 'updatedCells': 16, 'updatedColumns': 16, 'updatedRange': '2b9db4!A3291:P3291', 'updatedRows': 1}}, 'msg': 'success'}

========================================================================
started_at=2026-03-02 19:17:38
finished_at=2026-03-02 19:17:44
returncode=0
cmd=/Library/Developer/CommandLineTools/usr/bin/python3 run_pipeline.py --config config.json --account 幸运 --live-id 嗯嗯

[stderr]
[kuaishou] profile_dir: /Users/openclaw-mini/Desktop/OpenClaw/.state/kuaishou_profiles/5112102085
[kuaishou] download_dir: /Users/openclaw-mini/Desktop/OpenClaw/exports/幸运
[kuaishou] export saved: /Users/openclaw-mini/Desktop/OpenClaw/exports/幸运/20260302_191741_站外履约课学员表单.xls
/Users/openclaw-mini/Library/Python/3.9/lib/python/site-packages/urllib3/__init__.py:35: NotOpenSSLWarning: urllib3 v2 only supports OpenSSL 1.1.1+, currently the 'ssl' module is compiled with 'LibreSSL 2.8.3'. See: https://github.com/urllib3/urllib3/issues/3020
  warnings.warn(
2026-03-02 19:17:42,429 [INFO] log_file=logs/sync_20260302_191742.log
2026-03-02 19:17:43,588 [INFO] Updated config sheet_id=2b9db4 spreadsheet_token=V0REsvNHshM6aetzYQCcLMEHnOd
2026-03-02 19:17:43,622 [INFO] live_id=嗯嗯 first_row_live_id=嗯嗯
2026-03-02 19:17:44,148 [INFO] existing_dedup_keys=3288
2026-03-02 19:17:44,152 [INFO] input_rows=28 normalized_rows=28 to_append=1
2026-03-02 19:17:44,804 [INFO] append_response={'code': 0, 'data': {'revision': 50, 'spreadsheetToken': 'V0REsvNHshM6aetzYQCcLMEHnOd', 'tableRange': '2b9db4!A3291:P3291', 'updates': {'revision': 50, 'spreadsheetToken': 'V0REsvNHshM6aetzYQCcLMEHnOd', 'updatedCells': 16, 'updatedColumns': 16, 'updatedRange': '2b9db4!A3291:P3291', 'updatedRows': 1}}, 'msg': 'success'}

========================================================================
started_at=2026-03-02 19:23:53
finished_at=2026-03-02 19:24:00
returncode=0
cmd=/Library/Developer/CommandLineTools/usr/bin/python3 run_pipeline.py --config config.json --account 幸运 --live-id 221

[stderr]
[kuaishou] profile_dir: /Users/openclaw-mini/Desktop/OpenClaw/.state/kuaishou_profiles/5112102085
[kuaishou] download_dir: /Users/openclaw-mini/Desktop/OpenClaw/exports/幸运
[kuaishou] export saved: /Users/openclaw-mini/Desktop/OpenClaw/exports/幸运/20260302_192357_站外履约课学员表单.xls
/Users/openclaw-mini/Library/Python/3.9/lib/python/site-packages/urllib3/__init__.py:35: NotOpenSSLWarning: urllib3 v2 only supports OpenSSL 1.1.1+, currently the 'ssl' module is compiled with 'LibreSSL 2.8.3'. See: https://github.com/urllib3/urllib3/issues/3020
  warnings.warn(
2026-03-02 19:23:58,376 [INFO] log_file=logs/sync_20260302_192358.log
2026-03-02 19:23:59,590 [INFO] Updated config sheet_id=2b9db4 spreadsheet_token=V0REsvNHshM6aetzYQCcLMEHnOd
2026-03-02 19:23:59,625 [INFO] live_id=221 first_row_live_id=221
2026-03-02 19:24:00,109 [INFO] existing_dedup_keys=3288
2026-03-02 19:24:00,112 [INFO] input_rows=28 normalized_rows=28 to_append=1
2026-03-02 19:24:00,788 [INFO] append_response={'code': 0, 'data': {'revision': 52, 'spreadsheetToken': 'V0REsvNHshM6aetzYQCcLMEHnOd', 'tableRange': '2b9db4!A3291:P3291', 'updates': {'revision': 52, 'spreadsheetToken': 'V0REsvNHshM6aetzYQCcLMEHnOd', 'updatedCells': 16, 'updatedColumns': 16, 'updatedRange': '2b9db4!A3291:P3291', 'updatedRows': 1}}, 'msg': 'success'}

========================================================================
started_at=2026-03-02 19:24:31
finished_at=2026-03-02 19:24:39
returncode=0
cmd=/Library/Developer/CommandLineTools/usr/bin/python3 run_pipeline.py --config config.json --account 幸运 --live-id 2212

[stderr]
[kuaishou] profile_dir: /Users/openclaw-mini/Desktop/OpenClaw/.state/kuaishou_profiles/5112102085
[kuaishou] download_dir: /Users/openclaw-mini/Desktop/OpenClaw/exports/幸运
[kuaishou] export saved: /Users/openclaw-mini/Desktop/OpenClaw/exports/幸运/20260302_192434_站外履约课学员表单.xls
/Users/openclaw-mini/Library/Python/3.9/lib/python/site-packages/urllib3/__init__.py:35: NotOpenSSLWarning: urllib3 v2 only supports OpenSSL 1.1.1+, currently the 'ssl' module is compiled with 'LibreSSL 2.8.3'. See: https://github.com/urllib3/urllib3/issues/3020
  warnings.warn(
2026-03-02 19:24:35,232 [INFO] log_file=logs/sync_20260302_192435.log
2026-03-02 19:24:36,936 [INFO] Updated config sheet_id=2b9db4 spreadsheet_token=V0REsvNHshM6aetzYQCcLMEHnOd
2026-03-02 19:24:36,970 [INFO] live_id=2212 first_row_live_id=2212
2026-03-02 19:24:38,872 [INFO] existing_dedup_keys=3288
2026-03-02 19:24:38,875 [INFO] input_rows=28 normalized_rows=28 to_append=1
2026-03-02 19:24:39,343 [INFO] append_response={'code': 0, 'data': {'revision': 54, 'spreadsheetToken': 'V0REsvNHshM6aetzYQCcLMEHnOd', 'tableRange': '2b9db4!A3291:P3291', 'updates': {'revision': 54, 'spreadsheetToken': 'V0REsvNHshM6aetzYQCcLMEHnOd', 'updatedCells': 16, 'updatedColumns': 16, 'updatedRange': '2b9db4!A3291:P3291', 'updatedRows': 1}}, 'msg': 'success'}

========================================================================
started_at=2026-03-02 19:32:18
finished_at=2026-03-02 19:32:24
returncode=0
cmd=/Library/Developer/CommandLineTools/usr/bin/python3 run_pipeline.py --config config.json --account 幸运 --live-id 22121

[stderr]
[kuaishou] profile_dir: /Users/openclaw-mini/Desktop/OpenClaw/.state/kuaishou_profiles/5112102085
[kuaishou] download_dir: /Users/openclaw-mini/Desktop/OpenClaw/exports/幸运
[kuaishou] export saved: /Users/openclaw-mini/Desktop/OpenClaw/exports/幸运/20260302_193221_站外履约课学员表单.xls
/Users/openclaw-mini/Library/Python/3.9/lib/python/site-packages/urllib3/__init__.py:35: NotOpenSSLWarning: urllib3 v2 only supports OpenSSL 1.1.1+, currently the 'ssl' module is compiled with 'LibreSSL 2.8.3'. See: https://github.com/urllib3/urllib3/issues/3020
  warnings.warn(
2026-03-02 19:32:22,355 [INFO] log_file=logs/sync_20260302_193222.log
2026-03-02 19:32:23,305 [INFO] Updated config sheet_id=2b9db4 spreadsheet_token=V0REsvNHshM6aetzYQCcLMEHnOd
2026-03-02 19:32:23,339 [INFO] live_id=22121 first_row_live_id=22121
2026-03-02 19:32:23,754 [INFO] existing_dedup_keys=3288
2026-03-02 19:32:23,758 [INFO] input_rows=28 normalized_rows=28 to_append=1
Traceback (most recent call last):
  File "/Users/openclaw-mini/Desktop/OpenClaw/sync_to_feishu.py", line 433, in <module>
    main()
  File "/Users/openclaw-mini/Desktop/OpenClaw/sync_to_feishu.py", line 429, in main
    args.func(args)
  File "/Users/openclaw-mini/Desktop/OpenClaw/sync_to_feishu.py", line 406, in cmd_sync
    resp = client.append_values(spreadsheet_token, rng, values)
  File "/Users/openclaw-mini/Desktop/OpenClaw/sync_to_feishu.py", line 157, in append_values
    return self._request(
  File "/Users/openclaw-mini/Desktop/OpenClaw/sync_to_feishu.py", line 72, in _request
    raise RuntimeError(f"HTTP {resp.status_code} {url}: {data}")
RuntimeError: HTTP 403 https://open.feishu.cn/open-apis/sheets/v2/spreadsheets/V0REsvNHshM6aetzYQCcLMEHnOd/values_append: {'code': 91403, 'msg': 'Forbidden', 'data': {}}
[pipeline] account='幸运' failed: Command '['/Library/Developer/CommandLineTools/usr/bin/python3', 'sync_to_feishu.py', '--config', '.state/config.runtime.json', 'sync']' returned non-zero exit status 1.

========================================================================
started_at=2026-03-03 12:30:22
finished_at=2026-03-03 12:30:27
returncode=0
cmd=/Library/Developer/CommandLineTools/usr/bin/python3 run_pipeline.py --config config.json --account 幸运 --live-id 111

[stderr]
[kuaishou] profile_dir: /Users/openclaw-mini/Desktop/OpenClaw/.state/kuaishou_profiles/5112102085
[kuaishou] download_dir: /Users/openclaw-mini/Desktop/OpenClaw/exports/幸运
[kuaishou] export saved: /Users/openclaw-mini/Desktop/OpenClaw/exports/幸运/20260303_123026_站外履约课学员表单.xls
/Users/openclaw-mini/Library/Python/3.9/lib/python/site-packages/urllib3/__init__.py:35: NotOpenSSLWarning: urllib3 v2 only supports OpenSSL 1.1.1+, currently the 'ssl' module is compiled with 'LibreSSL 2.8.3'. See: https://github.com/urllib3/urllib3/issues/3020
  warnings.warn(
2026-03-03 12:30:26,668 [INFO] log_file=logs/sync_20260303_123026.log
Traceback (most recent call last):
  File "/Users/openclaw-mini/Desktop/OpenClaw/sync_to_feishu.py", line 433, in <module>
    main()
  File "/Users/openclaw-mini/Desktop/OpenClaw/sync_to_feishu.py", line 429, in main
    args.func(args)
  File "/Users/openclaw-mini/Desktop/OpenClaw/sync_to_feishu.py", line 331, in cmd_sync
    spreadsheet_token = client.resolve_spreadsheet_token(
  File "/Users/openclaw-mini/Desktop/OpenClaw/sync_to_feishu.py", line 115, in resolve_spreadsheet_token
    node = self.get_wiki_node(wiki_token)
  File "/Users/openclaw-mini/Desktop/OpenClaw/sync_to_feishu.py", line 104, in get_wiki_node
    return self._request(
  File "/Users/openclaw-mini/Desktop/OpenClaw/sync_to_feishu.py", line 72, in _request
    raise RuntimeError(f"HTTP {resp.status_code} {url}: {data}")
RuntimeError: HTTP 400 https://open.feishu.cn/open-apis/wiki/v2/spaces/get_node: {'code': 131006, 'msg': 'permission denied: node permission denied, tenant needs read permission.', 'error': {'log_id': '20260303123026BFD749E9B96E5B07AA35', 'troubleshooter': '排查建议查看(Troubleshooting suggestions): https://open.feishu.cn/search?from=openapi&log_id=20260303123026BFD749E9B96E5B07AA35&code=131006&method_id=7018092352167395329'}}
[pipeline] account='幸运' failed: Command '['/Library/Developer/CommandLineTools/usr/bin/python3', 'sync_to_feishu.py', '--config', '.state/config.runtime.json', 'sync']' returned non-zero exit status 1.
