
========================================================================
started_at=2026-03-02 15:17:47
finished_at=2026-03-02 15:18:03
returncode=0
cmd=/Library/Developer/CommandLineTools/usr/bin/python3 run_pipeline.py --config /Users/openclaw-mini/Desktop/OpenClaw/config.json --account 暖心向阳

[stderr]
[kuaishou] profile_dir: /Users/openclaw-mini/Desktop/OpenClaw/.state/kuaishou_profiles/5116565104
[kuaishou] download_dir: /Users/openclaw-mini/Desktop/OpenClaw/exports/暖心向阳
Detected login page (url=https://passport.kuaishou.com/pc/account/login?redirectURL=https%3A%2F%2Fkt.kuaishou.com%2Fstudent-management%2Foffsite-student-management&sid=kuaishou.kt.platform&callback=https%3A%2F%2Fkt.kuaishou.com%2Frest%2Finfra%2Fsts%3FfollowUrl%3Dhttps%253A%252F%252Fkt.kuaishou.com%252Fstudent-management%252Foffsite-student-management). Please complete login in the opened browser window...
profile_dir=/Users/openclaw-mini/Desktop/OpenClaw/.state/kuaishou_profiles/5116565104
[kuaishou] export saved: /Users/openclaw-mini/Desktop/OpenClaw/exports/暖心向阳/20260302_151800_站外履约课学员表单.xls
/Users/openclaw-mini/Library/Python/3.9/lib/python/site-packages/urllib3/__init__.py:35: NotOpenSSLWarning: urllib3 v2 only supports OpenSSL 1.1.1+, currently the 'ssl' module is compiled with 'LibreSSL 2.8.3'. See: https://github.com/urllib3/urllib3/issues/3020
  warnings.warn(
2026-03-02 15:18:00,749 [INFO] log_file=logs/sync_20260302_151800.log
2026-03-02 15:18:01,922 [INFO] Updated config sheet_id=2b9db4 spreadsheet_token=V0REsvNHshM6aetzYQCcLMEHnOd
2026-03-02 15:18:02,442 [INFO] existing_dedup_keys=3012
2026-03-02 15:18:02,446 [INFO] input_rows=9 normalized_rows=9 to_append=9
2026-03-02 15:18:02,953 [INFO] append_response={'code': 0, 'data': {'revision': 5, 'spreadsheetToken': 'V0REsvNHshM6aetzYQCcLMEHnOd', 'tableRange': '2b9db4!A3015:P3023', 'updates': {'revision': 5, 'spreadsheetToken': 'V0REsvNHshM6aetzYQCcLMEHnOd', 'updatedCells': 144, 'updatedColumns': 16, 'updatedRange': '2b9db4!A3015:P3023', 'updatedRows': 9}}, 'msg': 'success'}

========================================================================
started_at=2026-03-03 12:30:44
finished_at=2026-03-03 12:30:49
returncode=0
cmd=/Library/Developer/CommandLineTools/usr/bin/python3 run_pipeline.py --config config.json --account 暖心向阳 --live-id 44

[stderr]
[kuaishou] profile_dir: /Users/openclaw-mini/Desktop/OpenClaw/.state/kuaishou_profiles/5116565104
[kuaishou] download_dir: /Users/openclaw-mini/Desktop/OpenClaw/exports/暖心向阳
[kuaishou] export saved: /Users/openclaw-mini/Desktop/OpenClaw/exports/暖心向阳/20260303_123047_站外履约课学员表单.xls
/Users/openclaw-mini/Library/Python/3.9/lib/python/site-packages/urllib3/__init__.py:35: NotOpenSSLWarning: urllib3 v2 only supports OpenSSL 1.1.1+, currently the 'ssl' module is compiled with 'LibreSSL 2.8.3'. See: https://github.com/urllib3/urllib3/issues/3020
  warnings.warn(
2026-03-03 12:30:48,230 [INFO] log_file=logs/sync_20260303_123048.log
Traceback (most recent call last):
  File "/Users/openclaw-mini/Desktop/OpenClaw/sync_to_feishu.py", line 433, in <module>
    main()
  File "/Users/openclaw-mini/Desktop/OpenClaw/sync_to_feishu.py", line 429, in main
    args.func(args)
  File "/Users/openclaw-mini/Desktop/OpenClaw/sync_to_feishu.py", line 331, in cmd_sync
    spreadsheet_token = client.resolve_spreadsheet_token(
  File "/Users/openclaw-mini/Desktop/OpenClaw/sync_to_feishu.py", line 115, in resolve_spreadsheet_token
    node = self.get_wiki_node(wiki_token)
  File "/Users/openclaw-mini/Desktop/OpenClaw/sync_to_feishu.py", line 104, in get_wiki_node
    return self._request(
  File "/Users/openclaw-mini/Desktop/OpenClaw/sync_to_feishu.py", line 72, in _request
    raise RuntimeError(f"HTTP {resp.status_code} {url}: {data}")
RuntimeError: HTTP 400 https://open.feishu.cn/open-apis/wiki/v2/spaces/get_node: {'code': 131006, 'msg': 'permission denied: node permission denied, tenant needs read permission.', 'error': {'log_id': '20260303123048CBBD53AD67D473D7241F', 'troubleshooter': '排查建议查看(Troubleshooting suggestions): https://open.feishu.cn/search?from=openapi&log_id=20260303123048CBBD53AD67D473D7241F&code=131006&method_id=7018092352167395329'}}
[pipeline] account='暖心向阳' failed: Command '['/Library/Developer/CommandLineTools/usr/bin/python3', 'sync_to_feishu.py', '--config', '.state/config.runtime.json', 'sync']' returned non-zero exit status 1.

========================================================================
started_at=2026-03-03 12:31:35
finished_at=2026-03-03 12:31:40
returncode=0
cmd=/Library/Developer/CommandLineTools/usr/bin/python3 run_pipeline.py --config config.json --account 暖心向阳 --live-id 44

[stderr]
[kuaishou] profile_dir: /Users/openclaw-mini/Desktop/OpenClaw/.state/kuaishou_profiles/5116565104
[kuaishou] download_dir: /Users/openclaw-mini/Desktop/OpenClaw/exports/暖心向阳
[kuaishou] export saved: /Users/openclaw-mini/Desktop/OpenClaw/exports/暖心向阳/20260303_123139_站外履约课学员表单.xls
/Users/openclaw-mini/Library/Python/3.9/lib/python/site-packages/urllib3/__init__.py:35: NotOpenSSLWarning: urllib3 v2 only supports OpenSSL 1.1.1+, currently the 'ssl' module is compiled with 'LibreSSL 2.8.3'. See: https://github.com/urllib3/urllib3/issues/3020
  warnings.warn(
2026-03-03 12:31:39,612 [INFO] log_file=logs/sync_20260303_123139.log
Traceback (most recent call last):
  File "/Users/openclaw-mini/Desktop/OpenClaw/sync_to_feishu.py", line 433, in <module>
    main()
  File "/Users/openclaw-mini/Desktop/OpenClaw/sync_to_feishu.py", line 429, in main
    args.func(args)
  File "/Users/openclaw-mini/Desktop/OpenClaw/sync_to_feishu.py", line 331, in cmd_sync
    spreadsheet_token = client.resolve_spreadsheet_token(
  File "/Users/openclaw-mini/Desktop/OpenClaw/sync_to_feishu.py", line 115, in resolve_spreadsheet_token
    node = self.get_wiki_node(wiki_token)
  File "/Users/openclaw-mini/Desktop/OpenClaw/sync_to_feishu.py", line 104, in get_wiki_node
    return self._request(
  File "/Users/openclaw-mini/Desktop/OpenClaw/sync_to_feishu.py", line 72, in _request
    raise RuntimeError(f"HTTP {resp.status_code} {url}: {data}")
RuntimeError: HTTP 400 https://open.feishu.cn/open-apis/wiki/v2/spaces/get_node: {'code': 131006, 'msg': 'permission denied: node permission denied, tenant needs read permission.', 'error': {'log_id': '20260303123139EB397B63299378F16B6B', 'troubleshooter': '排查建议查看(Troubleshooting suggestions): https://open.feishu.cn/search?from=openapi&log_id=20260303123139EB397B63299378F16B6B&code=131006&method_id=7018092352167395329'}}
[pipeline] account='暖心向阳' failed: Command '['/Library/Developer/CommandLineTools/usr/bin/python3', 'sync_to_feishu.py', '--config', '.state/config.runtime.json', 'sync']' returned non-zero exit status 1.

========================================================================
started_at=2026-03-03 12:32:17
finished_at=2026-03-03 12:32:23
returncode=0
cmd=/Library/Developer/CommandLineTools/usr/bin/python3 run_pipeline.py --config config.json --account 暖心向阳 --live-id 44

[stderr]
[kuaishou] profile_dir: /Users/openclaw-mini/Desktop/OpenClaw/.state/kuaishou_profiles/5116565104
[kuaishou] download_dir: /Users/openclaw-mini/Desktop/OpenClaw/exports/暖心向阳
[kuaishou] export saved: /Users/openclaw-mini/Desktop/OpenClaw/exports/暖心向阳/20260303_123221_站外履约课学员表单.xls
/Users/openclaw-mini/Library/Python/3.9/lib/python/site-packages/urllib3/__init__.py:35: NotOpenSSLWarning: urllib3 v2 only supports OpenSSL 1.1.1+, currently the 'ssl' module is compiled with 'LibreSSL 2.8.3'. See: https://github.com/urllib3/urllib3/issues/3020
  warnings.warn(
2026-03-03 12:32:21,615 [INFO] log_file=logs/sync_20260303_123221.log
2026-03-03 12:32:22,496 [INFO] Updated config sheet_id=xF7mib spreadsheet_token=SVAcsW16FhALZjtiFrzcPKY9nyb
2026-03-03 12:32:22,528 [INFO] live_id=44 first_row_live_id=44
2026-03-03 12:32:22,890 [INFO] existing_dedup_keys=2
2026-03-03 12:32:22,893 [INFO] input_rows=13 normalized_rows=13 to_append=13
2026-03-03 12:32:23,345 [INFO] append_response={'code': 0, 'data': {'revision': 3, 'spreadsheetToken': 'SVAcsW16FhALZjtiFrzcPKY9nyb', 'tableRange': 'xF7mib!A2:P14', 'updates': {'revision': 3, 'spreadsheetToken': 'SVAcsW16FhALZjtiFrzcPKY9nyb', 'updatedCells': 208, 'updatedColumns': 16, 'updatedRange': 'xF7mib!A2:P14', 'updatedRows': 13}}, 'msg': 'success'}

========================================================================
started_at=2026-03-03 12:33:28
finished_at=2026-03-03 12:33:32
returncode=0
cmd=/Library/Developer/CommandLineTools/usr/bin/python3 run_pipeline.py --config config.json --account 暖心向阳 --live-id 44

[stderr]
[kuaishou] profile_dir: /Users/openclaw-mini/Desktop/OpenClaw/.state/kuaishou_profiles/5116565104
[kuaishou] download_dir: /Users/openclaw-mini/Desktop/OpenClaw/exports/暖心向阳
[kuaishou] export saved: /Users/openclaw-mini/Desktop/OpenClaw/exports/暖心向阳/20260303_123331_站外履约课学员表单.xls
/Users/openclaw-mini/Library/Python/3.9/lib/python/site-packages/urllib3/__init__.py:35: NotOpenSSLWarning: urllib3 v2 only supports OpenSSL 1.1.1+, currently the 'ssl' module is compiled with 'LibreSSL 2.8.3'. See: https://github.com/urllib3/urllib3/issues/3020
  warnings.warn(
2026-03-03 12:33:32,022 [INFO] log_file=logs/sync_20260303_123332.log
Traceback (most recent call last):
  File "/Users/openclaw-mini/Desktop/OpenClaw/sync_to_feishu.py", line 433, in <module>
    main()
  File "/Users/openclaw-mini/Desktop/OpenClaw/sync_to_feishu.py", line 429, in main
    args.func(args)
  File "/Users/openclaw-mini/Desktop/OpenClaw/sync_to_feishu.py", line 331, in cmd_sync
    spreadsheet_token = client.resolve_spreadsheet_token(
  File "/Users/openclaw-mini/Desktop/OpenClaw/sync_to_feishu.py", line 115, in resolve_spreadsheet_token
    node = self.get_wiki_node(wiki_token)
  File "/Users/openclaw-mini/Desktop/OpenClaw/sync_to_feishu.py", line 104, in get_wiki_node
    return self._request(
  File "/Users/openclaw-mini/Desktop/OpenClaw/sync_to_feishu.py", line 72, in _request
    raise RuntimeError(f"HTTP {resp.status_code} {url}: {data}")
RuntimeError: HTTP 400 https://open.feishu.cn/open-apis/wiki/v2/spaces/get_node: {'code': 131006, 'msg': 'permission denied: node permission denied, tenant needs read permission.', 'error': {'log_id': '2026030312333263996F210ABCA7E444D9', 'troubleshooter': '排查建议查看(Troubleshooting suggestions): https://open.feishu.cn/search?from=openapi&log_id=2026030312333263996F210ABCA7E444D9&code=131006&method_id=7018092352167395329'}}
[pipeline] account='暖心向阳' failed: Command '['/Library/Developer/CommandLineTools/usr/bin/python3', 'sync_to_feishu.py', '--config', '.state/config.runtime.json', 'sync']' returned non-zero exit status 1.

========================================================================
started_at=2026-03-03 13:06:14
finished_at=2026-03-03 13:06:18
returncode=0
cmd=/Library/Developer/CommandLineTools/usr/bin/python3 run_pipeline.py --config config.json --account 暖心向阳 --live-id 44

[stderr]
[kuaishou] profile_dir: /Users/openclaw-mini/Desktop/OpenClaw/.state/kuaishou_profiles/5116565104
[kuaishou] download_dir: /Users/openclaw-mini/Desktop/OpenClaw/exports/暖心向阳
[kuaishou] export saved: /Users/openclaw-mini/Desktop/OpenClaw/exports/暖心向阳/20260303_130617_站外履约课学员表单.xls
/Users/openclaw-mini/Library/Python/3.9/lib/python/site-packages/urllib3/__init__.py:35: NotOpenSSLWarning: urllib3 v2 only supports OpenSSL 1.1.1+, currently the 'ssl' module is compiled with 'LibreSSL 2.8.3'. See: https://github.com/urllib3/urllib3/issues/3020
  warnings.warn(
2026-03-03 13:06:18,232 [INFO] log_file=logs/sync_20260303_130618.log
Traceback (most recent call last):
  File "/Users/openclaw-mini/Desktop/OpenClaw/sync_to_feishu.py", line 433, in <module>
    main()
  File "/Users/openclaw-mini/Desktop/OpenClaw/sync_to_feishu.py", line 429, in main
    args.func(args)
  File "/Users/openclaw-mini/Desktop/OpenClaw/sync_to_feishu.py", line 331, in cmd_sync
    spreadsheet_token = client.resolve_spreadsheet_token(
  File "/Users/openclaw-mini/Desktop/OpenClaw/sync_to_feishu.py", line 115, in resolve_spreadsheet_token
    node = self.get_wiki_node(wiki_token)
  File "/Users/openclaw-mini/Desktop/OpenClaw/sync_to_feishu.py", line 104, in get_wiki_node
    return self._request(
  File "/Users/openclaw-mini/Desktop/OpenClaw/sync_to_feishu.py", line 72, in _request
    raise RuntimeError(f"HTTP {resp.status_code} {url}: {data}")
RuntimeError: HTTP 400 https://open.feishu.cn/open-apis/wiki/v2/spaces/get_node: {'code': 131006, 'msg': 'permission denied: node permission denied, tenant needs read permission.', 'error': {'log_id': '20260303130618FF2ED12F699251E17003', 'troubleshooter': '排查建议查看(Troubleshooting suggestions): https://open.feishu.cn/search?from=openapi&log_id=20260303130618FF2ED12F699251E17003&code=131006&method_id=7018092352167395329'}}
[pipeline] account='暖心向阳' failed: Command '['/Library/Developer/CommandLineTools/usr/bin/python3', 'sync_to_feishu.py', '--config', '.state/config.runtime.json', 'sync']' returned non-zero exit status 1.

========================================================================
started_at=2026-03-03 13:20:14
finished_at=2026-03-03 13:20:19
returncode=0
cmd=/Library/Developer/CommandLineTools/usr/bin/python3 run_pipeline.py --config config.json --account 暖心向阳

[stderr]
[kuaishou] profile_dir: /Users/openclaw-mini/Desktop/OpenClaw/.state/kuaishou_profiles/5116565104
[kuaishou] download_dir: /Users/openclaw-mini/Desktop/OpenClaw/exports/暖心向阳
[kuaishou] export saved: /Users/openclaw-mini/Desktop/OpenClaw/exports/暖心向阳/20260303_132018_站外履约课学员表单.xls
/Users/openclaw-mini/Library/Python/3.9/lib/python/site-packages/urllib3/__init__.py:35: NotOpenSSLWarning: urllib3 v2 only supports OpenSSL 1.1.1+, currently the 'ssl' module is compiled with 'LibreSSL 2.8.3'. See: https://github.com/urllib3/urllib3/issues/3020
  warnings.warn(
2026-03-03 13:20:18,824 [INFO] log_file=logs/sync_20260303_132018.log
Traceback (most recent call last):
  File "/Users/openclaw-mini/Desktop/OpenClaw/sync_to_feishu.py", line 433, in <module>
    main()
  File "/Users/openclaw-mini/Desktop/OpenClaw/sync_to_feishu.py", line 429, in main
    args.func(args)
  File "/Users/openclaw-mini/Desktop/OpenClaw/sync_to_feishu.py", line 331, in cmd_sync
    spreadsheet_token = client.resolve_spreadsheet_token(
  File "/Users/openclaw-mini/Desktop/OpenClaw/sync_to_feishu.py", line 115, in resolve_spreadsheet_token
    node = self.get_wiki_node(wiki_token)
  File "/Users/openclaw-mini/Desktop/OpenClaw/sync_to_feishu.py", line 104, in get_wiki_node
    return self._request(
  File "/Users/openclaw-mini/Desktop/OpenClaw/sync_to_feishu.py", line 72, in _request
    raise RuntimeError(f"HTTP {resp.status_code} {url}: {data}")
RuntimeError: HTTP 400 https://open.feishu.cn/open-apis/wiki/v2/spaces/get_node: {'code': 99991672, 'msg': 'Access denied. One of the following scopes is required: [wiki:wiki, wiki:wiki:readonly, wiki:node:read].应用尚未开通所需的应用身份权限：[wiki:wiki, wiki:wiki:readonly, wiki:node:read]，点击链接申请并开通任一权限即可：https://open.feishu.cn/app/cli_a92cd34869b9dbd6/auth?q=wiki:wiki,wiki:wiki:readonly,wiki:node:read&op_from=openapi&token_type=tenant', 'error': {'message': 'Refer to the documentation to fix the error: https://open.feishu.cn/document/uAjLw4CM/ugTN1YjL4UTN24CO1UjN/trouble-shooting/how-to-fix-the-99991672-error', 'log_id': '20260303132019D1B2038C087CC20DA7D5', 'troubleshooter': '排查建议查看(Troubleshooting suggestions): https://open.feishu.cn/search?from=openapi&log_id=20260303132019D1B2038C087CC20DA7D5&code=99991672&method_id=7018092352167395329', 'permission_violations': [{'subject': 'wiki:wiki', 'type': 'action_scope_required'}, {'type': 'action_scope_required', 'subject': 'wiki:wiki:readonly'}, {'type': 'action_scope_required', 'subject': 'wiki:node:read'}]}}
[pipeline] account='暖心向阳' failed: Command '['/Library/Developer/CommandLineTools/usr/bin/python3', 'sync_to_feishu.py', '--config', '.state/config.runtime.json', 'sync']' returned non-zero exit status 1.

========================================================================
started_at=2026-03-03 13:21:08
finished_at=2026-03-03 13:21:15
returncode=0
cmd=/Library/Developer/CommandLineTools/usr/bin/python3 run_pipeline.py --config config.json --account 暖心向阳

[stderr]
[kuaishou] profile_dir: /Users/openclaw-mini/Desktop/OpenClaw/.state/kuaishou_profiles/5116565104
[kuaishou] download_dir: /Users/openclaw-mini/Desktop/OpenClaw/exports/暖心向阳
[kuaishou] export saved: /Users/openclaw-mini/Desktop/OpenClaw/exports/暖心向阳/20260303_132114_站外履约课学员表单.xls
/Users/openclaw-mini/Library/Python/3.9/lib/python/site-packages/urllib3/__init__.py:35: NotOpenSSLWarning: urllib3 v2 only supports OpenSSL 1.1.1+, currently the 'ssl' module is compiled with 'LibreSSL 2.8.3'. See: https://github.com/urllib3/urllib3/issues/3020
  warnings.warn(
2026-03-03 13:21:14,624 [INFO] log_file=logs/sync_20260303_132114.log
Traceback (most recent call last):
  File "/Users/openclaw-mini/Desktop/OpenClaw/sync_to_feishu.py", line 433, in <module>
    main()
  File "/Users/openclaw-mini/Desktop/OpenClaw/sync_to_feishu.py", line 429, in main
    args.func(args)
  File "/Users/openclaw-mini/Desktop/OpenClaw/sync_to_feishu.py", line 331, in cmd_sync
    spreadsheet_token = client.resolve_spreadsheet_token(
  File "/Users/openclaw-mini/Desktop/OpenClaw/sync_to_feishu.py", line 115, in resolve_spreadsheet_token
    node = self.get_wiki_node(wiki_token)
  File "/Users/openclaw-mini/Desktop/OpenClaw/sync_to_feishu.py", line 104, in get_wiki_node
    return self._request(
  File "/Users/openclaw-mini/Desktop/OpenClaw/sync_to_feishu.py", line 72, in _request
    raise RuntimeError(f"HTTP {resp.status_code} {url}: {data}")
RuntimeError: HTTP 400 https://open.feishu.cn/open-apis/wiki/v2/spaces/get_node: {'code': 99991672, 'msg': 'Access denied. One of the following scopes is required: [wiki:wiki, wiki:wiki:readonly, wiki:node:read].应用尚未开通所需的应用身份权限：[wiki:wiki, wiki:wiki:readonly, wiki:node:read]，点击链接申请并开通任一权限即可：https://open.feishu.cn/app/cli_a92cd34869b9dbd6/auth?q=wiki:wiki,wiki:wiki:readonly,wiki:node:read&op_from=openapi&token_type=tenant', 'error': {'permission_violations': [{'subject': 'wiki:wiki', 'type': 'action_scope_required'}, {'subject': 'wiki:wiki:readonly', 'type': 'action_scope_required'}, {'subject': 'wiki:node:read', 'type': 'action_scope_required'}], 'message': 'Refer to the documentation to fix the error: https://open.feishu.cn/document/uAjLw4CM/ugTN1YjL4UTN24CO1UjN/trouble-shooting/how-to-fix-the-99991672-error', 'log_id': '202603031321152BC88D983D7E7AFB2A08', 'troubleshooter': '排查建议查看(Troubleshooting suggestions): https://open.feishu.cn/search?from=openapi&log_id=202603031321152BC88D983D7E7AFB2A08&code=99991672&method_id=7018092352167395329'}}
[pipeline] account='暖心向阳' failed: Command '['/Library/Developer/CommandLineTools/usr/bin/python3', 'sync_to_feishu.py', '--config', '.state/config.runtime.json', 'sync']' returned non-zero exit status 1.

========================================================================
started_at=2026-03-03 13:28:30
finished_at=2026-03-03 13:28:34
returncode=0
cmd=/Library/Developer/CommandLineTools/usr/bin/python3 run_pipeline.py --config config.json --account 暖心向阳

[stderr]
[kuaishou] profile_dir: /Users/openclaw-mini/Desktop/OpenClaw/.state/kuaishou_profiles/5116565104
[kuaishou] download_dir: /Users/openclaw-mini/Desktop/OpenClaw/exports/暖心向阳
[kuaishou] export saved: /Users/openclaw-mini/Desktop/OpenClaw/exports/暖心向阳/20260303_132833_站外履约课学员表单.xls
/Users/openclaw-mini/Library/Python/3.9/lib/python/site-packages/urllib3/__init__.py:35: NotOpenSSLWarning: urllib3 v2 only supports OpenSSL 1.1.1+, currently the 'ssl' module is compiled with 'LibreSSL 2.8.3'. See: https://github.com/urllib3/urllib3/issues/3020
  warnings.warn(
2026-03-03 13:28:34,146 [INFO] log_file=logs/sync_20260303_132834.log
Traceback (most recent call last):
  File "/Users/openclaw-mini/Desktop/OpenClaw/sync_to_feishu.py", line 433, in <module>
    main()
  File "/Users/openclaw-mini/Desktop/OpenClaw/sync_to_feishu.py", line 429, in main
    args.func(args)
  File "/Users/openclaw-mini/Desktop/OpenClaw/sync_to_feishu.py", line 331, in cmd_sync
    spreadsheet_token = client.resolve_spreadsheet_token(
  File "/Users/openclaw-mini/Desktop/OpenClaw/sync_to_feishu.py", line 115, in resolve_spreadsheet_token
    node = self.get_wiki_node(wiki_token)
  File "/Users/openclaw-mini/Desktop/OpenClaw/sync_to_feishu.py", line 104, in get_wiki_node
    return self._request(
  File "/Users/openclaw-mini/Desktop/OpenClaw/sync_to_feishu.py", line 72, in _request
    raise RuntimeError(f"HTTP {resp.status_code} {url}: {data}")
RuntimeError: HTTP 400 https://open.feishu.cn/open-apis/wiki/v2/spaces/get_node: {'code': 99991672, 'msg': 'Access denied. One of the following scopes is required: [wiki:wiki, wiki:wiki:readonly, wiki:node:read].应用尚未开通所需的应用身份权限：[wiki:wiki, wiki:wiki:readonly, wiki:node:read]，点击链接申请并开通任一权限即可：https://open.feishu.cn/app/cli_a92cd34869b9dbd6/auth?q=wiki:wiki,wiki:wiki:readonly,wiki:node:read&op_from=openapi&token_type=tenant', 'error': {'message': 'Refer to the documentation to fix the error: https://open.feishu.cn/document/uAjLw4CM/ugTN1YjL4UTN24CO1UjN/trouble-shooting/how-to-fix-the-99991672-error', 'log_id': '202603031328343022ACB5DD19EDFF7034', 'troubleshooter': '排查建议查看(Troubleshooting suggestions): https://open.feishu.cn/search?from=openapi&log_id=202603031328343022ACB5DD19EDFF7034&code=99991672&method_id=7018092352167395329', 'permission_violations': [{'type': 'action_scope_required', 'subject': 'wiki:wiki'}, {'type': 'action_scope_required', 'subject': 'wiki:wiki:readonly'}, {'subject': 'wiki:node:read', 'type': 'action_scope_required'}]}}
[pipeline] account='暖心向阳' failed: Command '['/Library/Developer/CommandLineTools/usr/bin/python3', 'sync_to_feishu.py', '--config', '.state/config.runtime.json', 'sync']' returned non-zero exit status 1.

========================================================================
started_at=2026-03-03 13:29:25
finished_at=2026-03-03 13:29:30
returncode=0
cmd=/Library/Developer/CommandLineTools/usr/bin/python3 run_pipeline.py --config config.json --account 暖心向阳

[stderr]
[kuaishou] profile_dir: /Users/openclaw-mini/Desktop/OpenClaw/.state/kuaishou_profiles/5116565104
[kuaishou] download_dir: /Users/openclaw-mini/Desktop/OpenClaw/exports/暖心向阳
[kuaishou] export saved: /Users/openclaw-mini/Desktop/OpenClaw/exports/暖心向阳/20260303_132929_站外履约课学员表单.xls
/Users/openclaw-mini/Library/Python/3.9/lib/python/site-packages/urllib3/__init__.py:35: NotOpenSSLWarning: urllib3 v2 only supports OpenSSL 1.1.1+, currently the 'ssl' module is compiled with 'LibreSSL 2.8.3'. See: https://github.com/urllib3/urllib3/issues/3020
  warnings.warn(
2026-03-03 13:29:29,651 [INFO] log_file=logs/sync_20260303_132929.log
Traceback (most recent call last):
  File "/Users/openclaw-mini/Desktop/OpenClaw/sync_to_feishu.py", line 433, in <module>
    main()
  File "/Users/openclaw-mini/Desktop/OpenClaw/sync_to_feishu.py", line 429, in main
    args.func(args)
  File "/Users/openclaw-mini/Desktop/OpenClaw/sync_to_feishu.py", line 331, in cmd_sync
    spreadsheet_token = client.resolve_spreadsheet_token(
  File "/Users/openclaw-mini/Desktop/OpenClaw/sync_to_feishu.py", line 115, in resolve_spreadsheet_token
    node = self.get_wiki_node(wiki_token)
  File "/Users/openclaw-mini/Desktop/OpenClaw/sync_to_feishu.py", line 104, in get_wiki_node
    return self._request(
  File "/Users/openclaw-mini/Desktop/OpenClaw/sync_to_feishu.py", line 72, in _request
    raise RuntimeError(f"HTTP {resp.status_code} {url}: {data}")
RuntimeError: HTTP 400 https://open.feishu.cn/open-apis/wiki/v2/spaces/get_node: {'code': 131006, 'msg': 'permission denied: node permission denied, tenant needs read permission.', 'error': {'log_id': '202603031329303266CBE41119CA1CE4ED', 'troubleshooter': '排查建议查看(Troubleshooting suggestions): https://open.feishu.cn/search?from=openapi&log_id=202603031329303266CBE41119CA1CE4ED&code=131006&method_id=7018092352167395329'}}
[pipeline] account='暖心向阳' failed: Command '['/Library/Developer/CommandLineTools/usr/bin/python3', 'sync_to_feishu.py', '--config', '.state/config.runtime.json', 'sync']' returned non-zero exit status 1.

========================================================================
started_at=2026-03-03 14:03:17
finished_at=2026-03-03 14:03:22
returncode=0
cmd=/Library/Developer/CommandLineTools/usr/bin/python3 run_pipeline.py --config config.json --account 暖心向阳

[stderr]
[kuaishou] profile_dir: /Users/openclaw-mini/Desktop/OpenClaw/.state/kuaishou_profiles/5116565104
[kuaishou] download_dir: /Users/openclaw-mini/Desktop/OpenClaw/exports/暖心向阳
[kuaishou] export saved: /Users/openclaw-mini/Desktop/OpenClaw/exports/暖心向阳/20260303_140320_站外履约课学员表单.xls
/Users/openclaw-mini/Library/Python/3.9/lib/python/site-packages/urllib3/__init__.py:35: NotOpenSSLWarning: urllib3 v2 only supports OpenSSL 1.1.1+, currently the 'ssl' module is compiled with 'LibreSSL 2.8.3'. See: https://github.com/urllib3/urllib3/issues/3020
  warnings.warn(
2026-03-03 14:03:21,358 [INFO] log_file=logs/sync_20260303_140321.log
Traceback (most recent call last):
  File "/Users/openclaw-mini/Desktop/OpenClaw/sync_to_feishu.py", line 433, in <module>
    main()
  File "/Users/openclaw-mini/Desktop/OpenClaw/sync_to_feishu.py", line 429, in main
    args.func(args)
  File "/Users/openclaw-mini/Desktop/OpenClaw/sync_to_feishu.py", line 331, in cmd_sync
    spreadsheet_token = client.resolve_spreadsheet_token(
  File "/Users/openclaw-mini/Desktop/OpenClaw/sync_to_feishu.py", line 115, in resolve_spreadsheet_token
    node = self.get_wiki_node(wiki_token)
  File "/Users/openclaw-mini/Desktop/OpenClaw/sync_to_feishu.py", line 104, in get_wiki_node
    return self._request(
  File "/Users/openclaw-mini/Desktop/OpenClaw/sync_to_feishu.py", line 72, in _request
    raise RuntimeError(f"HTTP {resp.status_code} {url}: {data}")
RuntimeError: HTTP 400 https://open.feishu.cn/open-apis/wiki/v2/spaces/get_node: {'code': 131006, 'msg': 'permission denied: node permission denied, tenant needs read permission.', 'error': {'log_id': '20260303140321F4808158E5D293087500', 'troubleshooter': '排查建议查看(Troubleshooting suggestions): https://open.feishu.cn/search?from=openapi&log_id=20260303140321F4808158E5D293087500&code=131006&method_id=7018092352167395329'}}
[pipeline] account='暖心向阳' failed: Command '['/Library/Developer/CommandLineTools/usr/bin/python3', 'sync_to_feishu.py', '--config', '.state/config.runtime.json', 'sync']' returned non-zero exit status 1.

========================================================================
started_at=2026-03-03 14:53:12
finished_at=2026-03-03 14:53:18
returncode=0
cmd=/Library/Developer/CommandLineTools/usr/bin/python3 run_pipeline.py --config config.json --account 暖心向阳

[stderr]
[kuaishou] profile_dir: /Users/openclaw-mini/Desktop/OpenClaw/.state/kuaishou_profiles/5116565104
[kuaishou] download_dir: /Users/openclaw-mini/Desktop/OpenClaw/exports/暖心向阳
[kuaishou] export saved: /Users/openclaw-mini/Desktop/OpenClaw/exports/暖心向阳/20260303_145316_站外履约课学员表单.xls
/Users/openclaw-mini/Library/Python/3.9/lib/python/site-packages/urllib3/__init__.py:35: NotOpenSSLWarning: urllib3 v2 only supports OpenSSL 1.1.1+, currently the 'ssl' module is compiled with 'LibreSSL 2.8.3'. See: https://github.com/urllib3/urllib3/issues/3020
  warnings.warn(
2026-03-03 14:53:17,418 [INFO] log_file=logs/sync_20260303_145317.log
Traceback (most recent call last):
  File "/Users/openclaw-mini/Desktop/OpenClaw/sync_to_feishu.py", line 433, in <module>
    main()
  File "/Users/openclaw-mini/Desktop/OpenClaw/sync_to_feishu.py", line 429, in main
    args.func(args)
  File "/Users/openclaw-mini/Desktop/OpenClaw/sync_to_feishu.py", line 331, in cmd_sync
    spreadsheet_token = client.resolve_spreadsheet_token(
  File "/Users/openclaw-mini/Desktop/OpenClaw/sync_to_feishu.py", line 115, in resolve_spreadsheet_token
    node = self.get_wiki_node(wiki_token)
  File "/Users/openclaw-mini/Desktop/OpenClaw/sync_to_feishu.py", line 104, in get_wiki_node
    return self._request(
  File "/Users/openclaw-mini/Desktop/OpenClaw/sync_to_feishu.py", line 72, in _request
    raise RuntimeError(f"HTTP {resp.status_code} {url}: {data}")
RuntimeError: HTTP 400 https://open.feishu.cn/open-apis/wiki/v2/spaces/get_node: {'code': 99991672, 'msg': 'Access denied. One of the following scopes is required: [wiki:wiki, wiki:wiki:readonly, wiki:node:read].应用尚未开通所需的应用身份权限：[wiki:wiki, wiki:wiki:readonly, wiki:node:read]，点击链接申请并开通任一权限即可：https://open.feishu.cn/app/cli_a92cd34869b9dbd6/auth?q=wiki:wiki,wiki:wiki:readonly,wiki:node:read&op_from=openapi&token_type=tenant', 'error': {'message': 'Refer to the documentation to fix the error: https://open.feishu.cn/document/uAjLw4CM/ugTN1YjL4UTN24CO1UjN/trouble-shooting/how-to-fix-the-99991672-error', 'log_id': '20260303145317D1A139C098C9A90AA799', 'troubleshooter': '排查建议查看(Troubleshooting suggestions): https://open.feishu.cn/search?from=openapi&log_id=20260303145317D1A139C098C9A90AA799&code=99991672&method_id=7018092352167395329', 'permission_violations': [{'type': 'action_scope_required', 'subject': 'wiki:wiki'}, {'type': 'action_scope_required', 'subject': 'wiki:wiki:readonly'}, {'type': 'action_scope_required', 'subject': 'wiki:node:read'}]}}
[pipeline] account='暖心向阳' failed: Command '['/Library/Developer/CommandLineTools/usr/bin/python3', 'sync_to_feishu.py', '--config', '.state/config.runtime.json', 'sync']' returned non-zero exit status 1.

========================================================================
started_at=2026-03-03 15:05:22
finished_at=2026-03-03 15:05:29
returncode=0
cmd=/Library/Developer/CommandLineTools/usr/bin/python3 run_pipeline.py --config config.json --account 暖心向阳

[stderr]
[kuaishou] profile_dir: /Users/openclaw-mini/Desktop/OpenClaw/.state/kuaishou_profiles/5116565104
[kuaishou] download_dir: /Users/openclaw-mini/Desktop/OpenClaw/exports/暖心向阳
[kuaishou] export saved: /Users/openclaw-mini/Desktop/OpenClaw/exports/暖心向阳/20260303_150526_站外履约课学员表单.xls
/Users/openclaw-mini/Library/Python/3.9/lib/python/site-packages/urllib3/__init__.py:35: NotOpenSSLWarning: urllib3 v2 only supports OpenSSL 1.1.1+, currently the 'ssl' module is compiled with 'LibreSSL 2.8.3'. See: https://github.com/urllib3/urllib3/issues/3020
  warnings.warn(
2026-03-03 15:05:27,092 [INFO] log_file=logs/sync_20260303_150527.log
2026-03-03 15:05:28,233 [INFO] Updated config sheet_id=xF7mib spreadsheet_token=SVAcsW16FhALZjtiFrzcPKY9nyb
2026-03-03 15:05:28,264 [INFO] live_id=(empty)
2026-03-03 15:05:28,647 [INFO] existing_dedup_keys=2
2026-03-03 15:05:28,652 [INFO] input_rows=13 normalized_rows=13 to_append=13
Traceback (most recent call last):
  File "/Users/openclaw-mini/Desktop/OpenClaw/sync_to_feishu.py", line 433, in <module>
    main()
  File "/Users/openclaw-mini/Desktop/OpenClaw/sync_to_feishu.py", line 429, in main
    args.func(args)
  File "/Users/openclaw-mini/Desktop/OpenClaw/sync_to_feishu.py", line 406, in cmd_sync
    resp = client.append_values(spreadsheet_token, rng, values)
  File "/Users/openclaw-mini/Desktop/OpenClaw/sync_to_feishu.py", line 157, in append_values
    return self._request(
  File "/Users/openclaw-mini/Desktop/OpenClaw/sync_to_feishu.py", line 72, in _request
    raise RuntimeError(f"HTTP {resp.status_code} {url}: {data}")
RuntimeError: HTTP 403 https://open.feishu.cn/open-apis/sheets/v2/spreadsheets/SVAcsW16FhALZjtiFrzcPKY9nyb/values_append: {'code': 91403, 'msg': 'Forbidden', 'data': {}}
[pipeline] account='暖心向阳' failed: Command '['/Library/Developer/CommandLineTools/usr/bin/python3', 'sync_to_feishu.py', '--config', '.state/config.runtime.json', 'sync']' returned non-zero exit status 1.

========================================================================
started_at=2026-03-03 15:52:58
finished_at=2026-03-03 15:53:03
returncode=0
cmd=/Library/Developer/CommandLineTools/usr/bin/python3 run_pipeline.py --config config.json --account 暖心向阳

[stderr]
[kuaishou] profile_dir: /Users/openclaw-mini/Desktop/OpenClaw/.state/kuaishou_profiles/5116565104
[kuaishou] download_dir: /Users/openclaw-mini/Desktop/OpenClaw/exports/暖心向阳
[kuaishou] export saved: /Users/openclaw-mini/Desktop/OpenClaw/exports/暖心向阳/20260303_155302_站外履约课学员表单.xls
/Users/openclaw-mini/Library/Python/3.9/lib/python/site-packages/urllib3/__init__.py:35: NotOpenSSLWarning: urllib3 v2 only supports OpenSSL 1.1.1+, currently the 'ssl' module is compiled with 'LibreSSL 2.8.3'. See: https://github.com/urllib3/urllib3/issues/3020
  warnings.warn(
2026-03-03 15:53:03,446 [INFO] log_file=logs/sync_20260303_155303.log
2026-03-03 15:53:03,459 [INFO] live_id=(empty)
Traceback (most recent call last):
  File "/Users/openclaw-mini/Desktop/OpenClaw/sync_to_feishu.py", line 652, in <module>
    main()
  File "/Users/openclaw-mini/Desktop/OpenClaw/sync_to_feishu.py", line 648, in main
    args.func(args)
  File "/Users/openclaw-mini/Desktop/OpenClaw/sync_to_feishu.py", line 558, in cmd_sync
    spreadsheet_token = client.resolve_spreadsheet_token(
AttributeError: 'FeishuClient' object has no attribute 'resolve_spreadsheet_token'
[pipeline] account='暖心向阳' failed: Command '['/Library/Developer/CommandLineTools/usr/bin/python3', 'sync_to_feishu.py', '--config', '.state/config.runtime.json', 'sync']' returned non-zero exit status 1.

========================================================================
started_at=2026-03-03 16:30:40
finished_at=2026-03-03 16:30:45
returncode=0
cmd=/Library/Developer/CommandLineTools/usr/bin/python3 run_pipeline.py --config config.json --account 暖心向阳

[stderr]
[kuaishou] profile_dir: /Users/openclaw-mini/Desktop/OpenClaw/.state/kuaishou_profiles/5116565104
[kuaishou] download_dir: /Users/openclaw-mini/Desktop/OpenClaw/exports/暖心向阳
[kuaishou] export saved: /Users/openclaw-mini/Desktop/OpenClaw/exports/暖心向阳/20260303_163044_站外履约课学员表单.xls
/Users/openclaw-mini/Library/Python/3.9/lib/python/site-packages/urllib3/__init__.py:35: NotOpenSSLWarning: urllib3 v2 only supports OpenSSL 1.1.1+, currently the 'ssl' module is compiled with 'LibreSSL 2.8.3'. See: https://github.com/urllib3/urllib3/issues/3020
  warnings.warn(
2026-03-03 16:30:45,286 [INFO] log_file=logs/sync_20260303_163045.log
2026-03-03 16:30:45,295 [INFO] live_id=(empty)
Traceback (most recent call last):
  File "/Users/openclaw-mini/Desktop/OpenClaw/sync_to_feishu.py", line 653, in <module>
    main()
  File "/Users/openclaw-mini/Desktop/OpenClaw/sync_to_feishu.py", line 649, in main
    args.func(args)
  File "/Users/openclaw-mini/Desktop/OpenClaw/sync_to_feishu.py", line 559, in cmd_sync
    spreadsheet_token = client.resolve_spreadsheet_token(
AttributeError: 'FeishuClient' object has no attribute 'resolve_spreadsheet_token'
[pipeline] account='暖心向阳' failed: Command '['/Library/Developer/CommandLineTools/usr/bin/python3', 'sync_to_feishu.py', '--config', '.state/config.runtime.json', 'sync']' returned non-zero exit status 1.

========================================================================
started_at=2026-03-03 18:01:40
finished_at=2026-03-03 18:02:00
returncode=0
cmd=/Library/Developer/CommandLineTools/usr/bin/python3 run_pipeline.py --config config.json --account 暖心向阳

[stderr]
[kuaishou] profile_dir: /Users/openclaw-mini/Desktop/OpenClaw/.state/kuaishou_profiles/5116565104
[kuaishou] download_dir: /Users/openclaw-mini/Desktop/OpenClaw/exports/暖心向阳
[kuaishou] export saved: /Users/openclaw-mini/Desktop/OpenClaw/exports/暖心向阳/20260303_180144_站外履约课学员表单.xls
/Users/openclaw-mini/Library/Python/3.9/lib/python/site-packages/urllib3/__init__.py:35: NotOpenSSLWarning: urllib3 v2 only supports OpenSSL 1.1.1+, currently the 'ssl' module is compiled with 'LibreSSL 2.8.3'. See: https://github.com/urllib3/urllib3/issues/3020
  warnings.warn(
2026-03-03 18:01:45,150 [INFO] log_file=logs/sync_20260303_180145.log
2026-03-03 18:01:45,158 [INFO] live_id=(empty)
2026-03-03 18:01:45,159 [INFO] ui_mode_only rows_total=26 rows_to_write=26 ui_dedup_enabled=False ui_dedup_reset=True
2026-03-03 18:01:45,175 [INFO] ui_mode_prepare rows=26 cols=16 tsv_chars=1817
2026-03-03 18:01:48,640 [INFO] ui_mode_grid_detect_ms=378
2026-03-03 18:01:48,640 [INFO] ui_mode_sheet_frame_url=https://vcn13vbsobtc.feishu.cn/wiki/WuLowQPlOigCT9kQ089chCfun2e
2026-03-03 18:01:53,281 [INFO] ui_mode_focus_selector=div[contenteditable='true']
2026-03-03 18:01:53,281 [INFO] ui_mode_focus_ms=4626
2026-03-03 18:01:53,307 [INFO] ui_mode_clipboard_copied=True
2026-03-03 18:01:55,855 [INFO] ui_mode_paste_attempts=2
2026-03-03 18:02:00,455 [INFO] ui_mode_screenshot=.state/feishu_ui_last_20260303_180200.png
2026-03-03 18:02:00,550 [INFO] ui_append_done
