2026-03-11 11:12:50,463 [INFO] log_file=logs/sync_20260311_111250.log
2026-03-11 11:12:50,463 [INFO] batch_sync_start items=19
2026-03-11 11:12:50,475 [INFO] batch_sync_collected account=小新教带货 rows=0
2026-03-11 11:12:50,478 [INFO] batch_sync_collected account=甄甄选好物 rows=4
2026-03-11 11:12:50,481 [INFO] batch_sync_collected account=花花分享 rows=0
2026-03-11 11:12:50,484 [INFO] batch_sync_collected account=柿柿顺意 rows=0
2026-03-11 11:12:50,487 [INFO] batch_sync_collected account=幸运 rows=0
2026-03-11 11:12:50,490 [INFO] batch_sync_collected account=钱是今生 rows=0
2026-03-11 11:12:50,493 [INFO] batch_sync_collected account=蓝精灵 rows=14
2026-03-11 11:12:50,496 [INFO] batch_sync_collected account=心想事成 rows=0
2026-03-11 11:12:50,510 [INFO] batch_sync_collected account=懒得起名 rows=0
2026-03-11 11:12:50,514 [INFO] batch_sync_collected account=新新好物 rows=0
2026-03-11 11:12:50,518 [INFO] batch_sync_collected account=暖心向阳 rows=1
2026-03-11 11:12:50,523 [INFO] batch_sync_collected account=怡宝 rows=0
2026-03-11 11:12:50,528 [INFO] batch_sync_collected account=星光点点 rows=1
2026-03-11 11:12:50,530 [INFO] batch_sync_delivery_collected account=星光点点 date=3月11日 live_id=14504263977 start_hm=10:03
2026-03-11 11:12:50,533 [INFO] batch_sync_collected account=步步生花 rows=0
2026-03-11 11:12:50,537 [INFO] batch_sync_collected account=琳琳好物 rows=0
2026-03-11 11:12:50,540 [INFO] batch_sync_collected account=晴空万里 rows=0
2026-03-11 11:12:50,543 [INFO] batch_sync_collected account=活力满满 rows=0
2026-03-11 11:12:50,543 [INFO] batch_sync_delivery_collected account=活力满满 date=3月11日 live_id=14504344295 start_hm=10:46
2026-03-11 11:12:50,547 [INFO] batch_sync_collected account=井味味 rows=4
2026-03-11 11:12:50,547 [INFO] batch_sync_delivery_collected account=井味味 date=3月11日 live_id=14504295570 start_hm=10:20
2026-03-11 11:12:50,550 [INFO] batch_sync_collected account=安然好物 rows=0
2026-03-11 11:12:50,550 [INFO] batch_sync_combined total_rows=24
2026-03-11 11:12:51,637 [INFO] batch_sync_openapi_success spreadsheet_token=Czmks65lvh3qO3tibFgcws40nif sheet_id=132cbc
2026-03-11 11:12:52,157 [INFO] batch_sync_no_new_user_data
2026-03-11 11:12:52,157 [INFO] batch_sync_delivery_try_api_mode count=3
2026-03-11 11:12:52,862 [INFO] delivery_match_search want_date='3月11日' want_acct='星光点点' want_start_hm='10:03:00'
2026-03-11 11:12:52,872 [INFO] delivery_openapi_match_found row=229 date='3月11日' acct='星光点点' start_hm='10:03:00' live_id='14504263977'
2026-03-11 11:12:55,107 [INFO] delivery_alignment_set_success row=229 range=A:F
2026-03-11 11:12:56,388 [INFO] delivery_alignment_set_success row=229 range=H
2026-03-11 11:12:56,388 [INFO] delivery_sheet_updated row=229 date=3月11日 account=星光点点
2026-03-11 11:12:57,573 [INFO] delivery_match_search want_date='3月11日' want_acct='活力满满' want_start_hm='10:46:00'
2026-03-11 11:12:57,584 [INFO] delivery_openapi_match_found row=231 date='3月11日' acct='活力满满' start_hm='10:46:00' live_id='14504344295'
2026-03-11 11:12:59,022 [INFO] delivery_alignment_set_success row=231 range=A:F
2026-03-11 11:13:00,046 [INFO] delivery_alignment_set_success row=231 range=H
2026-03-11 11:13:00,046 [INFO] delivery_sheet_updated row=231 date=3月11日 account=活力满满
2026-03-11 11:13:01,387 [INFO] delivery_match_search want_date='3月11日' want_acct='井味味' want_start_hm='10:20:00'
2026-03-11 11:13:01,387 [INFO] === DEBUG: 井味味 matching debug start ===
2026-03-11 11:13:01,387 [INFO] DEBUG: summary_row_1=259, will scan rows 2-258
2026-03-11 11:13:01,387 [INFO] DEBUG: row=2 date_raw='46084' acct='新新好物' live_id='14481919663' time_raw='0.5722222222222222'
2026-03-11 11:13:01,387 [INFO] DEBUG: row=3 date_raw='46084' acct='心想事成🍊' live_id='14481959436' time_raw='0.5840277777777778'
2026-03-11 11:13:01,387 [INFO] DEBUG: row=4 date_raw='46084' acct='星光点点' live_id='14481729423' time_raw='0.5138888888888888'
2026-03-11 11:13:01,388 [INFO] DEBUG: row=5 date_raw='46084' acct='花花分享🌺🌺' live_id='14482110009' time_raw='0.6256944444444444'
2026-03-11 11:13:01,388 [INFO] DEBUG: row=6 date_raw='46084' acct='彩虹🌈' live_id='14482067418' time_raw='0.6138888888888889'
2026-03-11 11:13:01,388 [INFO] DEBUG: row=7 date_raw='46084' acct='暖心向阳' live_id='14482023843' time_raw='0.6013888888888889'
2026-03-11 11:13:01,388 [INFO] DEBUG: row=8 date_raw='46084' acct='星光点点' live_id='14482441535' time_raw='0.7256944444444444'
2026-03-11 11:13:01,388 [INFO] DEBUG: row=9 date_raw='46084' acct='🌸步步生花' live_id='14482331763' time_raw='0.6909722222222222'
2026-03-11 11:13:01,388 [INFO] DEBUG: row=10 date_raw='46084' acct='花花分享🌺🌺' live_id='14482475348' time_raw='0.7368055555555556'
2026-03-11 11:13:01,388 [INFO] DEBUG: row=11 date_raw='46084' acct='幸运' live_id='' time_raw='0.8027777777777778'
2026-03-11 11:13:01,388 [INFO] DEBUG: row=12 date_raw='46084' acct='柿柿顺意' live_id='14482597448' time_raw='0.7694444444444445'
2026-03-11 11:13:01,389 [INFO] DEBUG: row=13 date_raw='46084' acct='暖心向阳' live_id='14482495893' time_raw='0.7430555555555556'
2026-03-11 11:13:01,389 [INFO] DEBUG: row=14 date_raw='46084' acct='新新好物' live_id='14482557989' time_raw='0.7590277777777777'
2026-03-11 11:13:01,389 [INFO] DEBUG: row=15 date_raw='46084' acct='心想事成🍊' live_id='14482967998' time_raw='0.8330671296296296'
2026-03-11 11:13:01,389 [INFO] DEBUG: row=16 date_raw='46084' acct='甄甄选好物' live_id='14483149800' time_raw='0.8585648148148148'
2026-03-11 11:13:01,389 [INFO] DEBUG: row=17 date_raw='46084' acct='彩虹🌈' live_id='14482843622' time_raw='0.8145138888888889'
2026-03-11 11:13:01,389 [INFO] DEBUG: row=18 date_raw='46084' acct='🌸步步生花' live_id='14483269143' time_raw='0.8775'
2026-03-11 11:13:01,389 [INFO] DEBUG: row=19 date_raw='46084' acct='新新好物' live_id='14483396214' time_raw='0.9000925925925926'
2026-03-11 11:13:01,389 [INFO] DEBUG: row=20 date_raw='46084' acct='暖心向阳' live_id='14483656921' time_raw='0.9623263888888889'
2026-03-11 11:13:01,389 [INFO] DEBUG: row=21 date_raw='46084' acct='星光点点' live_id='14483489266' time_raw='0.9189814814814815'
2026-03-11 11:13:01,390 [INFO] DEBUG: row=22 date_raw='46084' acct='彩虹🌈' live_id='14483700492' time_raw='0.9771527777777778'
2026-03-11 11:13:01,390 [INFO] DEBUG: row=23 date_raw='46084' acct='🌸步步生花' live_id='14483782584' time_raw='0.007372685185185185'
2026-03-11 11:13:01,390 [INFO] DEBUG: row=24 date_raw='46085' acct='新新好物' live_id='14484415324' time_raw='0.4375'
2026-03-11 11:13:01,390 [INFO] DEBUG: row=25 date_raw='46085' acct='安然教带货' live_id='14484942581' time_raw='0.6041666666666666'
2026-03-11 11:13:01,390 [INFO] DEBUG: row=26 date_raw='46085' acct='幸运' live_id='14484873042' time_raw='0.5902777777777778'
2026-03-11 11:13:01,390 [INFO] DEBUG: row=27 date_raw='46085' acct='橙發發' live_id='14486087107' time_raw='0.8819444444444444'
2026-03-11 11:13:01,390 [INFO] DEBUG: row=28 date_raw='46085' acct='星光点点' live_id='14484810618' time_raw='0.5715277777777777'
2026-03-11 11:13:01,390 [INFO] DEBUG: row=29 date_raw='46085' acct='新新好物' live_id='14485081305' time_raw='0.6520833333333333'
2026-03-11 11:13:01,390 [INFO] DEBUG: row=30 date_raw='46085' acct='懒得起名' live_id='14485096570' time_raw='0.6569444444444444'
2026-03-11 11:13:01,390 [INFO] DEBUG: row=31 date_raw='46085' acct='甄甄选好物' live_id='14485174092' time_raw='0.6805555555555556'
2026-03-11 11:13:01,391 [INFO] DEBUG: row=32 date_raw='46085' acct='暖心向阳' live_id='14485927033' time_raw='0.8517013888888889'
2026-03-11 11:13:01,391 [INFO] DEBUG: row=33 date_raw='46085' acct='🌸步步生花' live_id='14485312645' time_raw='0.7243055555555555'
2026-03-11 11:13:01,391 [INFO] DEBUG: row=34 date_raw='46085' acct='星光点点' live_id='14485391712' time_raw='0.7486111111111111'
2026-03-11 11:13:01,391 [INFO] DEBUG: row=35 date_raw='46085' acct='心想事成🍊' live_id='14485776556' time_raw='0.8275231481481482'
2026-03-11 11:13:01,391 [INFO] DEBUG: row=36 date_raw='46085' acct='懒得起名' live_id='14485711018' time_raw='0.8162152777777778'
2026-03-11 11:13:01,391 [INFO] DEBUG: row=37 date_raw='46085' acct='安然教带货' live_id='14485651773' time_raw='0.8060648148148148'
2026-03-11 11:13:01,391 [INFO] DEBUG: row=38 date_raw='46085' acct='新新好物' live_id='14486026075' time_raw='0.8692245370370371'
2026-03-11 11:13:01,391 [INFO] DEBUG: row=39 date_raw='46085' acct='甄甄选好物' live_id='14485734585' time_raw='0.8202430555555555'
2026-03-11 11:13:01,391 [INFO] DEBUG: row=40 date_raw='46085' acct='星光点点' live_id='14486203314' time_raw='0.9036226851851852'
2026-03-11 11:13:01,391 [INFO] DEBUG: row=41 date_raw='46085' acct='甄甄选好物' live_id='14486358874' time_raw='0.9432291666666667'
2026-03-11 11:13:01,391 [INFO] DEBUG: row=42 date_raw='46085' acct='橙發發' live_id='14486121246' time_raw='0.8868865740740741'
2026-03-11 11:13:01,391 [INFO] DEBUG: row=43 date_raw='46085' acct='🌸步步生花' live_id='14486251307' time_raw='0.9148379629629629'
2026-03-11 11:13:01,392 [INFO] DEBUG: row=44 date_raw='46085' acct='心想事成🍊' live_id='14486387721' time_raw='0.9522337962962963'
2026-03-11 11:13:01,392 [INFO] DEBUG: row=45 date_raw='46086' acct='甄甄选好物' live_id='14487301977' time_raw='0.4791666666666667'
2026-03-11 11:13:01,392 [INFO] DEBUG: row=46 date_raw='46086' acct='甄甄选好物' live_id='14487654624' time_raw='0.6044328703703704'
2026-03-11 11:13:01,392 [INFO] DEBUG: row=47 date_raw='46086' acct='甄甄选好物' live_id='14488031565' time_raw='0.7301157407407407'
2026-03-11 11:13:01,392 [INFO] DEBUG: row=48 date_raw='46086' acct='甄甄选好物' live_id='14488754913' time_raw='0.875'
2026-03-11 11:13:01,392 [INFO] DEBUG: row=49 date_raw='46086' acct='暖心向阳' live_id='14487286332' time_raw='0.4731944444444444'
2026-03-11 11:13:01,392 [INFO] DEBUG: row=50 date_raw='46086' acct='新新好物' live_id='14487249308' time_raw='0.45903935185185185'
2026-03-11 11:13:01,392 [INFO] DEBUG: row=51 date_raw='46086' acct='星光点点' live_id='14487131279' time_raw='0.41627314814814814'
2026-03-11 11:13:01,392 [INFO] DEBUG: row=52 date_raw='46086' acct='🌸步步生花' live_id='14487539601' time_raw='0.5673726851851851'
2026-03-11 11:13:01,392 [INFO] DEBUG: row=53 date_raw='46086' acct='慕风与沙' live_id='14487885751' time_raw='0.6798611111111111'
2026-03-11 11:13:01,392 [INFO] DEBUG: row=54 date_raw='46086' acct='新新好物' live_id='14487847368' time_raw='0.6675578703703704'
2026-03-11 11:13:01,392 [INFO] DEBUG: row=55 date_raw='46086' acct='暖心向阳' live_id='14488069174' time_raw='0.7420833333333333'
2026-03-11 11:13:01,393 [INFO] DEBUG: row=56 date_raw='46086' acct='星光点点' live_id='14487803495' time_raw='0.6526157407407407'
2026-03-11 11:13:01,393 [INFO] DEBUG: row=57 date_raw='46086' acct='安然教带货' live_id='14488308049' time_raw='0.7986111111111112'
2026-03-11 11:13:01,393 [INFO] DEBUG: row=58 date_raw='46086' acct='怡宝' live_id='14487917284' time_raw='0.6916550925925926'
2026-03-11 11:13:01,393 [INFO] DEBUG: row=59 date_raw='46086' acct='心想事成🍊' live_id='14488262382' time_raw='0.7916666666666666'
2026-03-11 11:13:01,393 [INFO] DEBUG: row=60 date_raw='46086' acct='柿柿顺意' live_id='14488177189' time_raw='0.7708333333333334'
2026-03-11 11:13:01,393 [INFO] DEBUG: row=61 date_raw='46086' acct='🌸步步生花' live_id='14487977197' time_raw='0.7120023148148148'
2026-03-11 11:13:01,393 [INFO] DEBUG: row=62 date_raw='46086' acct='星光点点' live_id='4488887912' time_raw='0.9014236111111111'
2026-03-11 11:13:01,393 [INFO] DEBUG: row=63 date_raw='46086' acct='蓝精灵' live_id='14488820745' time_raw='0.8875'
2026-03-11 11:13:01,393 [INFO] DEBUG: row=64 date_raw='46086' acct='暖心向阳' live_id='14488933806' time_raw='0.9116782407407408'
2026-03-11 11:13:01,393 [INFO] DEBUG: row=65 date_raw='46086' acct='甄甄选好物' live_id='14489194885' time_raw='0.99375'
2026-03-11 11:13:01,393 [INFO] DEBUG: row=66 date_raw='46087' acct='星光点点' live_id='14489856573' time_raw='0.41966435185185186'
2026-03-11 11:13:01,393 [INFO] DEBUG: row=67 date_raw='46087' acct='怡宝' live_id='14489920134' time_raw='0.44298611111111114'
2026-03-11 11:13:01,394 [INFO] DEBUG: row=68 date_raw='46087' acct='新新好物' live_id='14489977709' time_raw='0.46488425925925925'
2026-03-11 11:13:01,394 [INFO] DEBUG: row=69 date_raw='46087' acct='甄甄选好物' live_id='14490014170' time_raw='0.4795949074074074'
2026-03-11 11:13:01,394 [INFO] DEBUG: row=70 date_raw='46087' acct='蓝精灵' live_id='14490260451' time_raw='0.5718287037037038'
2026-03-11 11:13:01,394 [INFO] DEBUG: row=71 date_raw='46087' acct='🌸步步生花' live_id='14490239539' time_raw='0.5643865740740741'
2026-03-11 11:13:01,394 [INFO] DEBUG: row=72 date_raw='46087' acct='懒得起名' live_id='14490318750' time_raw='0.590949074074074'
2026-03-11 11:13:01,394 [INFO] DEBUG: row=73 date_raw='46087' acct='幸运' live_id='14490413927' time_raw='0.6221412037037037'
2026-03-11 11:13:01,394 [INFO] DEBUG: row=74 date_raw='46087' acct='甄甄选好物' live_id='14490360604' time_raw='0.6044791666666667'
2026-03-11 11:13:01,394 [INFO] DEBUG: row=75 date_raw='46087' acct='慕风与沙' live_id='14490635228' time_raw='0.7106828703703704'
2026-03-11 11:13:01,394 [INFO] DEBUG: row=76 date_raw='46087' acct='甄甄选好物' live_id='14490728703' time_raw='0.7298032407407408'
2026-03-11 11:13:01,394 [INFO] DEBUG: row=77 date_raw='46087' acct='安然教带货' live_id='14491474906' time_raw='0.8756944444444444'
2026-03-11 11:13:01,394 [INFO] DEBUG: row=78 date_raw='46087' acct='钱是今生' live_id='14491514020' time_raw='0.8819444444444444'
2026-03-11 11:13:01,394 [INFO] DEBUG: row=79 date_raw='46087' acct='甄甄选好物' live_id='14491586416' time_raw='0.8958333333333334'
2026-03-11 11:13:01,394 [INFO] DEBUG: row=80 date_raw='46087' acct='星光点点' live_id='14490418807' time_raw='0.6236111111111111'
2026-03-11 11:13:01,395 [INFO] DEBUG: row=81 date_raw='46087' acct='蓝精灵' live_id='14490750762' time_raw='0.7370601851851852'
2026-03-11 11:13:01,395 [INFO] DEBUG: row=82 date_raw='46087' acct='柿柿顺意' live_id='14491003309' time_raw='0.7979166666666667'
2026-03-11 11:13:01,395 [INFO] DEBUG: row=83 date_raw='46087' acct='🌸步步生花' live_id='14491637913' time_raw='0.9055555555555556'
2026-03-11 11:13:01,395 [INFO] DEBUG: row=84 date_raw='46087' acct='怡宝' live_id='14491501496' time_raw='0.8798611111111111'
2026-03-11 11:13:01,395 [INFO] DEBUG: row=85 date_raw='46087' acct='懒得起名' live_id='14491021618' time_raw='0.8013888888888889'
2026-03-11 11:13:01,395 [INFO] DEBUG: row=86 date_raw='46087' acct='星光点点' live_id='14490929494' time_raw='0.7840277777777778'
2026-03-11 11:13:01,395 [INFO] DEBUG: row=87 date_raw='46087' acct='幸运' live_id='14491801848' time_raw='0.9430555555555555'
2026-03-11 11:13:01,395 [INFO] DEBUG: row=88 date_raw='46087' acct='心想事成' live_id='14491345799' time_raw='0.8541666666666666'
2026-03-11 11:13:01,395 [INFO] DEBUG: row=89 date_raw='46087' acct='花花分享🌺🌺' live_id='14491644492' time_raw='0.9069444444444444'
2026-03-11 11:13:01,395 [INFO] DEBUG: row=90 date_raw='46087' acct='蓝精灵' live_id='14491746891' time_raw='0.9291666666666667'
2026-03-11 11:13:01,395 [INFO] DEBUG: row=91 date_raw='46087' acct='懒得起名' live_id='14491846715' time_raw='0.95625'
2026-03-11 11:13:01,395 [INFO] DEBUG: row=92 date_raw='46087' acct='琳琳好物' live_id='14491907109' time_raw='0.9756944444444444'
2026-03-11 11:13:01,395 [INFO] DEBUG: row=93 date_raw='46087' acct='暖心向阳' live_id='14491974787' time_raw='0.002777777777777778'
2026-03-11 11:13:01,396 [INFO] DEBUG: row=94 date_raw='46087' acct='心想事成' live_id='14491880378' time_raw='0.9666666666666667'
2026-03-11 11:13:01,396 [INFO] DEBUG: row=95 date_raw='46087' acct='甄甄选好物' live_id='14491951276' time_raw='0.9930555555555556'
2026-03-11 11:13:01,396 [INFO] DEBUG: row=96 date_raw='46088' acct='🌸步步生花' live_id='14493073150' time_raw='0.5581481481481482'
2026-03-11 11:13:01,396 [INFO] DEBUG: row=97 date_raw='46088' acct='琳琳好物' live_id='14492794694' time_raw='0.4673263888888889'
2026-03-11 11:13:01,396 [INFO] DEBUG: row=98 date_raw='46088' acct='甄甄选好物' live_id='14492829832' time_raw='0.47975694444444444'
2026-03-11 11:13:01,396 [INFO] DEBUG: row=99 date_raw='46088' acct='星光点点' live_id='14492929869' time_raw='0.5135763888888889'
2026-03-11 11:13:01,396 [INFO] DEBUG: row=100 date_raw='46088' acct='蓝精灵' live_id='14492968921' time_raw='0.5261805555555555'
2026-03-11 11:13:01,396 [INFO] DEBUG: row=101 date_raw='46088' acct='钱是今生' live_id='14493235848' time_raw='0.604224537037037'
2026-03-11 11:13:01,396 [INFO] DEBUG: row=102 date_raw='46088' acct='怡宝' live_id='14493320525' time_raw='0.6276736111111111'
2026-03-11 11:13:01,396 [INFO] DEBUG: row=103 date_raw='46088' acct='花花分享🌺🌺' live_id='14493383391' time_raw='0.6458680555555556'
2026-03-11 11:13:01,396 [INFO] DEBUG: row=104 date_raw='46088' acct='甄甄选好物' live_id='14494375604' time_raw='0.8611111111111112'
2026-03-11 11:13:01,396 [INFO] DEBUG: row=105 date_raw='46088' acct='花花分享🌺🌺' live_id='14493828893' time_raw='0.7708333333333334'
2026-03-11 11:13:01,396 [INFO] DEBUG: row=106 date_raw='46088' acct='怡宝' live_id='14493930630' time_raw='0.7916666666666666'
2026-03-11 11:13:01,397 [INFO] DEBUG: row=107 date_raw='46088' acct='甄甄选好物' live_id='14494941032' time_raw='0.9805555555555555'
2026-03-11 11:13:01,397 [INFO] DEBUG: row=108 date_raw='46088' acct='钱是今生' live_id='14494505971' time_raw='0.8819444444444444'
2026-03-11 11:13:01,397 [INFO] DEBUG: row=109 date_raw='46088' acct='馨馨好物' live_id='14493141773' time_raw='0.5784027777777778'
2026-03-11 11:13:01,397 [INFO] DEBUG: row=110 date_raw='46088' acct='心想事成' live_id='14493285870' time_raw='0.6182986111111111'
2026-03-11 11:13:01,397 [INFO] DEBUG: row=111 date_raw='46088' acct='安然教带货' live_id='14494399781' time_raw='0.8645833333333334'
2026-03-11 11:13:01,397 [INFO] DEBUG: row=112 date_raw='46088' acct='星光点点' live_id='14494288329' time_raw='0.8479166666666667'
2026-03-11 11:13:01,397 [INFO] DEBUG: row=113 date_raw='46088' acct='幸运' live_id='14494302878' time_raw='0.85'
2026-03-11 11:13:01,397 [INFO] DEBUG: row=114 date_raw='46088' acct='步步生花' live_id='14494062287' time_raw='0.8138888888888889'
2026-03-11 11:13:01,397 [INFO] DEBUG: row=115 date_raw='46088' acct='琳琳好物' live_id='14494432508' time_raw='0.8701388888888889'
2026-03-11 11:13:01,397 [INFO] DEBUG: row=116 date_raw='46088' acct='暖心向阳' live_id='14493601054' time_raw='0.7104166666666667'
2026-03-11 11:13:01,397 [INFO] DEBUG: row=117 date_raw='46088' acct='蓝精灵' live_id='14494153384' time_raw='0.8284722222222223'
2026-03-11 11:13:01,397 [INFO] DEBUG: row=118 date_raw='46088' acct='新新好物' live_id='14494604269' time_raw='0.8993055555555556'
2026-03-11 11:13:01,397 [INFO] DEBUG: row=119 date_raw='46088' acct='心想事成' live_id='14494190573' time_raw='0.8333333333333334'
2026-03-11 11:13:01,397 [INFO] DEBUG: row=120 date_raw='46088' acct='馨馨好物' live_id='14494436758' time_raw='0.8708333333333333'
2026-03-11 11:13:01,398 [INFO] DEBUG: row=121 date_raw='46088' acct='暖心向阳' live_id='14494739161' time_raw='0.9263888888888889'
2026-03-11 11:13:01,398 [INFO] DEBUG: row=122 date_raw='46088' acct='怡宝' live_id='14494703350' time_raw='0.91875'
2026-03-11 11:13:01,398 [INFO] DEBUG: row=123 date_raw='46088' acct='心想事成' live_id='14494786293' time_raw='0.9375'
2026-03-11 11:13:01,398 [INFO] DEBUG: row=124 date_raw='46088' acct='步步生花' live_id='14495030534' time_raw='0.011805555555555555'
2026-03-11 11:13:01,398 [INFO] DEBUG: row=125 date_raw='46088' acct='星光点点' live_id='14494886955' time_raw='0.9638888888888889'
2026-03-11 11:13:01,398 [INFO] DEBUG: row=126 date_raw='46088' acct='琳琳好物' live_id='14495000961' time_raw='0.001388888888888889'
2026-03-11 11:13:01,398 [INFO] DEBUG: row=127 date_raw='46089' acct='馨馨好物' live_id='14495844205' time_raw='0.4576388888888889'
2026-03-11 11:13:01,398 [INFO] DEBUG: row=128 date_raw='46089' acct='琳琳好物' live_id='14495843085' time_raw='0.4576388888888889'
2026-03-11 11:13:01,398 [INFO] DEBUG: row=129 date_raw='46089' acct='星光点点' live_id='14496036628' time_raw='0.5194444444444445'
2026-03-11 11:13:01,398 [INFO] DEBUG: row=130 date_raw='46089' acct='步步生花' live_id='14496205889' time_raw='0.5680555555555555'
2026-03-11 11:13:01,398 [INFO] DEBUG: row=131 date_raw='46089' acct='小新教带货' live_id='14496206069' time_raw='0.5680555555555555'
2026-03-11 11:13:01,398 [INFO] DEBUG: row=132 date_raw='46089' acct='蓝精灵' live_id='14496212157' time_raw='0.5701388888888889'
2026-03-11 11:13:01,398 [INFO] DEBUG: row=133 date_raw='46089' acct='琳琳好物' live_id='14496375264' time_raw='0.6145833333333334'
2026-03-11 11:13:01,398 [INFO] DEBUG: row=134 date_raw='46089' acct='暖心向阳' live_id='14496283823' time_raw='0.5895833333333333'
2026-03-11 11:13:01,399 [INFO] DEBUG: row=135 date_raw='46089' acct='活力满满' live_id='14496437674' time_raw='0.6041666666666666'
2026-03-11 11:13:01,399 [INFO] DEBUG: row=136 date_raw='46089' acct='钱是今生' live_id='14496337256' time_raw='0.6041666666666666'
2026-03-11 11:13:01,399 [INFO] DEBUG: row=137 date_raw='46089' acct='幸运' live_id='14496314403' time_raw='0.5979166666666667'
2026-03-11 11:13:01,399 [INFO] DEBUG: row=138 date_raw='46089' acct='怡宝' live_id='14496415058' time_raw='0.625'
2026-03-11 11:13:01,399 [INFO] DEBUG: row=139 date_raw='46089' acct='暖心向阳' live_id='14496778816' time_raw='0.7291666666666666'
2026-03-11 11:13:01,399 [INFO] DEBUG: row=140 date_raw='46089' acct='心想事成' live_id='14497038491' time_raw='0.7916666666666666'
2026-03-11 11:13:01,399 [INFO] DEBUG: row=141 date_raw='46089' acct='怡宝' live_id='14497021374' time_raw='0.7881944444444444'
2026-03-11 11:13:01,399 [INFO] DEBUG: row=142 date_raw='46089' acct='步步生花' live_id='14497046006' time_raw='0.7923611111111111'
2026-03-11 11:13:01,399 [INFO] DEBUG: row=143 date_raw='46089' acct='晴空万里' live_id='14497261200' time_raw='0.8283217592592592'
2026-03-11 11:13:01,399 [INFO] DEBUG: row=144 date_raw='46089' acct='蓝精灵' live_id='14497302132' time_raw='0.8340277777777778'
2026-03-11 11:13:01,399 [INFO] DEBUG: row=145 date_raw='46089' acct='星光点点' live_id='14497185605' time_raw='0.8159722222222222'
2026-03-11 11:13:01,399 [INFO] DEBUG: row=146 date_raw='46089' acct='幸运' live_id='14497208994' time_raw='0.8194444444444444'
2026-03-11 11:13:01,399 [INFO] DEBUG: row=147 date_raw='46089' acct='活力满满' live_id='14497345796' time_raw='0.833333333333333'
2026-03-11 11:13:01,399 [INFO] DEBUG: row=148 date_raw='46089' acct='井味味' live_id='14497411465' time_raw='0.8541666666666666'
2026-03-11 11:13:01,399 [INFO] DEBUG: row=148 date_match=False acct_exact=True acct_fuzzy=True time_match=False is_pending=False
2026-03-11 11:13:01,399 [INFO] DEBUG: row=149 date_raw='46089' acct='琳琳好物' live_id='14497441405' time_raw='0.8548611111111111'
2026-03-11 11:13:01,399 [INFO] DEBUG: row=150 date_raw='46089' acct='小新教带货' live_id='14497582635' time_raw='0.8784722222222222'
2026-03-11 11:13:01,400 [INFO] DEBUG: row=151 date_raw='46089' acct='甄甄选好物' live_id='14497563751' time_raw='0.875'
2026-03-11 11:13:01,400 [INFO] DEBUG: row=152 date_raw='46089' acct='钱是今生' live_id='14497642911' time_raw='0.8888888888888888'
2026-03-11 11:13:01,400 [INFO] DEBUG: row=153 date_raw='46089' acct='怡宝' live_id='14497696459' time_raw='0.8993055555555556'
2026-03-11 11:13:01,400 [INFO] DEBUG: row=154 date_raw='46089' acct='心想事成' live_id='14497715114' time_raw='0.9166666666666666'
2026-03-11 11:13:01,400 [INFO] DEBUG: row=155 date_raw='46089' acct='蓝精灵' live_id='14497924845' time_raw='0.95625'
2026-03-11 11:13:01,400 [INFO] DEBUG: row=156 date_raw='46089' acct='暖心向阳' live_id='14497925600' time_raw='0.95625'
2026-03-11 11:13:01,400 [INFO] DEBUG: row=157 date_raw='46089' acct='星光点点' live_id='14497854473' time_raw='0.9361111111111111'
2026-03-11 11:13:01,400 [INFO] DEBUG: row=158 date_raw='46089' acct='琳琳好物' live_id='14497904055' time_raw='0.95'
2026-03-11 11:13:01,400 [INFO] DEBUG: row=159 date_raw='46089' acct='井味味' live_id='14497959029' time_raw='0.9671643518518519'
2026-03-11 11:13:01,400 [INFO] DEBUG: row=159 date_match=False acct_exact=True acct_fuzzy=True time_match=False is_pending=False
2026-03-11 11:13:01,400 [INFO] DEBUG: row=160 date_raw='46089' acct='幸运' live_id='14497979123' time_raw='0.9736111111111111'
2026-03-11 11:13:01,400 [INFO] DEBUG: row=161 date_raw='46089' acct='步步生花' live_id='14498006475' time_raw='0.9833333333333333'
2026-03-11 11:13:01,400 [INFO] DEBUG: row=162 date_raw='46089' acct='甄甄选好物' live_id='14498033098' time_raw='0.99375'
2026-03-11 11:13:01,400 [INFO] DEBUG: row=163 date_raw='46090' acct='星光点点' live_id='14498664770' time_raw='0.37430555555555556'
2026-03-11 11:13:01,400 [INFO] DEBUG: row=164 date_raw='46090' acct='活力满满' live_id='14498803489' time_raw='0.4166666666666667'
2026-03-11 11:13:01,400 [INFO] DEBUG: row=165 date_raw='46090' acct='琳琳好物' live_id='14498940003' time_raw='0.46458333333333335'
2026-03-11 11:13:01,401 [INFO] DEBUG: row=166 date_raw='46090' acct='星光点点' live_id='14499043391' time_raw='0.5013888888888889'
2026-03-11 11:13:01,401 [INFO] DEBUG: row=167 date_raw='46090' acct='钱是今生' live_id='14499058329' time_raw='0.5069444444444444'
2026-03-11 11:13:01,401 [INFO] DEBUG: row=168 date_raw='46090' acct='步步生花' live_id='14499194831' time_raw='0.5569444444444445'
2026-03-11 11:13:01,401 [INFO] DEBUG: row=169 date_raw='46090' acct='蓝精灵' live_id='14499195594' time_raw='0.5569444444444445'
2026-03-11 11:13:01,401 [INFO] DEBUG: row=170 date_raw='46090' acct='小新教带货' live_id='14499210516' time_raw='0.5625'
2026-03-11 11:13:01,401 [INFO] DEBUG: row=171 date_raw='46090' acct='井味味' live_id='14499266236' time_raw='0.5819444444444445'
2026-03-11 11:13:01,401 [INFO] DEBUG: row=171 date_match=False acct_exact=True acct_fuzzy=True time_match=False is_pending=False
2026-03-11 11:13:01,401 [INFO] DEBUG: row=172 date_raw='46090' acct='暖心向阳' live_id='14499502488' time_raw='0.6576388888888889'
2026-03-11 11:13:01,401 [INFO] DEBUG: row=173 date_raw='46090' acct='晴空万里' live_id='14499384824' time_raw='0.6194444444444445'
2026-03-11 11:13:01,401 [INFO] DEBUG: row=174 date_raw='46090' acct='幸运' live_id='14499319368' time_raw='0.5986111111111111'
2026-03-11 11:13:01,401 [INFO] DEBUG: row=175 date_raw='46090' acct='懒得起名' live_id='14499413391' time_raw='0.6284722222222222'
2026-03-11 11:13:01,401 [INFO] DEBUG: row=176 date_raw='46090' acct='怡宝' live_id='14499411990' time_raw='0.6277777777777778'
2026-03-11 11:13:01,401 [INFO] DEBUG: row=177 date_raw='46090' acct='活力满满' live_id='14499446755' time_raw='0.6388888888888888'
2026-03-11 11:13:01,401 [INFO] DEBUG: row=178 date_raw='46090' acct='琳琳好物' live_id='14499457057' time_raw='0.6423611111111112'
2026-03-11 11:13:01,402 [INFO] DEBUG: row=179 date_raw='46090' acct='蓝精灵' live_id='14499898691' time_raw='0.7847222222222222'
2026-03-11 11:13:01,402 [INFO] DEBUG: row=180 date_raw='46090' acct='怡宝' live_id='14499960447' time_raw='0.7965277777777777'
2026-03-11 11:13:01,402 [INFO] DEBUG: row=181 date_raw='46090' acct='幸运' live_id='14500117886' time_raw='0.8243055555555555'
2026-03-11 11:13:01,402 [INFO] DEBUG: row=182 date_raw='46090' acct='心想事成' live_id='14500300918' time_raw='0.8541666666666666'
2026-03-11 11:13:01,402 [INFO] DEBUG: row=183 date_raw='46090' acct='小新教带货' live_id='14500364780' time_raw='0.8645833333333334'
2026-03-11 11:13:01,402 [INFO] DEBUG: row=184 date_raw='46090' acct='甄甄选好物' live_id='14500422229' time_raw='0.875'
2026-03-11 11:13:01,402 [INFO] DEBUG: row=185 date_raw='46090' acct='钱是今生' live_id='14500496367' time_raw='0.8888888888888888'
2026-03-11 11:13:01,402 [INFO] DEBUG: row=186 date_raw='46090' acct='蓝精灵' live_id='14500634590' time_raw='0.91875'
2026-03-11 11:13:01,402 [INFO] DEBUG: row=187 date_raw='46090' acct='星光点点' live_id='14500072153' time_raw='0.8166666666666667'
2026-03-11 11:13:01,402 [INFO] DEBUG: row=188 date_raw='46090' acct='步步生花' live_id='14500194249' time_raw='0.8361111111111111'
2026-03-11 11:13:01,402 [INFO] DEBUG: row=189 date_raw='46090' acct='懒得起名' live_id='14500253530' time_raw='0.8458333333333333'
2026-03-11 11:13:01,403 [INFO] DEBUG: row=190 date_raw='46090' acct='井味味' live_id='14500288968' time_raw='0.8520833333333333'
2026-03-11 11:13:01,403 [INFO] DEBUG: row=190 date_match=False acct_exact=True acct_fuzzy=True time_match=False is_pending=False
2026-03-11 11:13:01,403 [INFO] DEBUG: row=191 date_raw='46090' acct='怡宝' live_id='14500588724' time_raw='0.9083333333333333'
2026-03-11 11:13:01,403 [INFO] DEBUG: row=192 date_raw='46090' acct='活力满满' live_id='14500491508' time_raw='0.8875'
2026-03-11 11:13:01,403 [INFO] DEBUG: row=193 date_raw='46090' acct='星光点点' live_id='14500760656' time_raw='0.9534722222222223'
2026-03-11 11:13:01,403 [INFO] DEBUG: row=194 date_raw='46090' acct='步步生花' live_id='14500832772' time_raw='0.9805555555555555'
2026-03-11 11:13:01,403 [INFO] DEBUG: row=195 date_raw='46090' acct='幸运' live_id='14500790245' time_raw='0.9638888888888889'
2026-03-11 11:13:01,403 [INFO] DEBUG: row=196 date_raw='46090' acct='暖心向阳' live_id='14500855603' time_raw='0.9902777777777778'
2026-03-11 11:13:01,403 [INFO] DEBUG: row=197 date_raw='46090' acct='甄甄选好物' live_id='14500861541' time_raw='0.9930555555555556'
2026-03-11 11:13:01,403 [INFO] DEBUG: row=198 date_raw='46091' acct='井味味' live_id='14501523792' time_raw='0.41597222222222224'
2026-03-11 11:13:01,403 [INFO] DEBUG: row=198 date_match=False acct_exact=True acct_fuzzy=True time_match=False is_pending=False
2026-03-11 11:13:01,403 [INFO] DEBUG: row=199 date_raw='46091' acct='星光点点' live_id='14501577976' time_raw='0.43472222222222223'
2026-03-11 11:13:01,403 [INFO] DEBUG: row=200 date_raw='46091' acct='步步生花' live_id='14501625977' time_raw='0.45208333333333334'
2026-03-11 11:13:01,403 [INFO] DEBUG: row=201 date_raw='46091' acct='琳琳好物' live_id='14501651835' time_raw='0.46111111111111114'
2026-03-11 11:13:01,404 [INFO] DEBUG: row=202 date_raw='46091' acct='活力满满' live_id='14501681184' time_raw='0.4722222222222222'
2026-03-11 11:13:01,404 [INFO] DEBUG: row=203 date_raw='46091' acct='甄甄选好物' live_id='14501700952' time_raw='0.4798611111111111'
2026-03-11 11:13:01,404 [INFO] DEBUG: row=204 date_raw='46091' acct='蓝精灵' live_id='14501992158' time_raw='0.5847222222222223'
2026-03-11 11:13:01,404 [INFO] DEBUG: row=205 date_raw='46091' acct='暖心向阳' live_id='14501959153' time_raw='0.5743055555555555'
2026-03-11 11:13:01,404 [INFO] DEBUG: row=206 date_raw='46091' acct='星光点点' live_id='14502091183' time_raw='0.6145833333333334'
2026-03-11 11:13:01,404 [INFO] DEBUG: row=207 date_raw='46091' acct='怡宝' live_id='14502060709' time_raw='0.6055555555555555'
2026-03-11 11:13:01,404 [INFO] DEBUG: row=208 date_raw='46091' acct='幸运' live_id='14502089124' time_raw='0.6138888888888889'
2026-03-11 11:13:01,404 [INFO] DEBUG: row=209 date_raw='46091' acct='钱是今生' live_id='14502147788' time_raw='0.6319444444444444'
2026-03-11 11:13:01,404 [INFO] DEBUG: row=210 date_raw='46091' acct='活力满满' live_id='14502202757' time_raw='0.6493055555555556'
2026-03-11 11:13:01,404 [INFO] DEBUG: row=211 date_raw='46091' acct='琳琳好物' live_id='14502270165' time_raw='0.6715277777777777'
2026-03-11 11:13:01,404 [INFO] DEBUG: row=212 date_raw='46091' acct='安然好物' live_id='14502303708' time_raw='0.6875'
2026-03-11 11:13:01,404 [INFO] DEBUG: row=213 date_raw='46091' acct='幸运' live_id='14503028511' time_raw='0.8541666666666666'
2026-03-11 11:13:01,404 [INFO] DEBUG: row=214 date_raw='46091' acct='星光点点' live_id='14502750917' time_raw='0.8076388888888889'
2026-03-11 11:13:01,404 [INFO] DEBUG: row=215 date_raw='46091' acct='怡宝' live_id='14502782836' time_raw='0.8137037037037037'
2026-03-11 11:13:01,404 [INFO] DEBUG: row=216 date_raw='46091' acct='懒得起名' live_id='14502800723' time_raw='0.8166666666666667'
2026-03-11 11:13:01,405 [INFO] DEBUG: row=217 date_raw='46091' acct='蓝精灵' live_id='14502920344' time_raw='0.8361111111111111'
2026-03-11 11:13:01,405 [INFO] DEBUG: row=218 date_raw='46091' acct='井味味' live_id='14502842179' time_raw='0.8236111111111111'
2026-03-11 11:13:01,405 [INFO] DEBUG: row=218 date_match=False acct_exact=True acct_fuzzy=True time_match=False is_pending=False
2026-03-11 11:13:01,405 [INFO] DEBUG: row=219 date_raw='46091' acct='安然教带货' live_id='14502855354' time_raw='0.8264699074074074'
2026-03-11 11:13:01,405 [INFO] DEBUG: row=220 date_raw='46091' acct='小新教带货' live_id='14502947584' time_raw='0.8402777777777778'
2026-03-11 11:13:01,405 [INFO] DEBUG: row=221 date_raw='46091' acct='钱是今生' live_id='14503217965' time_raw='0.8888888888888888'
2026-03-11 11:13:01,405 [INFO] DEBUG: row=222 date_raw='46091' acct='甄甄选好物' live_id='14503146544' time_raw='0.8756944444444444'
2026-03-11 11:13:01,405 [INFO] DEBUG: row=223 date_raw='46091' acct='活力满满' live_id='14503124632' time_raw='0.8715277777777778'
2026-03-11 11:13:01,405 [INFO] DEBUG: row=224 date_raw='46091' acct='暖心向阳' live_id='14503265517' time_raw='0.8986111111111111'
2026-03-11 11:13:01,405 [INFO] DEBUG: row=225 date_raw='46091' acct='安然教带货' live_id='14503399411' time_raw='0.9305555555555556'
2026-03-11 11:13:01,405 [INFO] DEBUG: row=226 date_raw='46091' acct='蓝精灵' live_id='14503486831' time_raw='0.9569444444444445'
2026-03-11 11:13:01,405 [INFO] DEBUG: row=227 date_raw='46091' acct='井味味' live_id='14503438672' time_raw='0.9409722222222222'
2026-03-11 11:13:01,405 [INFO] DEBUG: row=227 date_match=False acct_exact=True acct_fuzzy=True time_match=False is_pending=False
2026-03-11 11:13:01,405 [INFO] DEBUG: row=228 date_raw='46091' acct='甄甄选好物' live_id='14503579453' time_raw='0.9930555555555556'
2026-03-11 11:13:01,405 [INFO] DEBUG: row=229 date_raw='46092' acct='星光点点' live_id='14504263977' time_raw='0.41875'
2026-03-11 11:13:01,405 [INFO] DEBUG: row=229 date_match=True acct_exact=False acct_fuzzy=False time_match=False is_pending=False
2026-03-11 11:13:01,406 [INFO] DEBUG: row=230 date_raw='46092' acct='井味味' live_id='14504295570' time_raw='0.4305555555555556'
2026-03-11 11:13:01,406 [INFO] DEBUG: row=230 date_match=True acct_exact=True acct_fuzzy=True time_match=True is_pending=False
2026-03-11 11:13:01,406 [INFO] delivery_openapi_match_found row=230 date='3月11日' acct='井味味' start_hm='10:20:00' live_id='14504295570'
2026-03-11 11:13:01,406 [INFO] === DEBUG: 井味味 matching result: target_row_1=230, pending_row_1=0 ===
2026-03-11 11:13:02,504 [INFO] delivery_alignment_set_success row=230 range=A:F
2026-03-11 11:13:03,735 [INFO] delivery_alignment_set_success row=230 range=H
2026-03-11 11:13:03,736 [INFO] delivery_sheet_updated row=230 date=3月11日 account=井味味
2026-03-11 11:13:03,736 [INFO] batch_sync_done
